MPLINK 5.09, LINKER
Linker Map File - Created Tue Apr 06 16:25:45 2021

                                 Section Info
                  Section       Type    Address   Location Size(Bytes)
                ---------  ---------  ---------  ---------  ---------
                   .org_0       code   0x000000    program   0x000004
                   .cinit    romdata   0x000004    program   0x000002
                   .org_1       code   0x000008    program   0x000004
                   .org_2       code   0x000018    program   0x0001a2
.config_300001_BUILD/DEFAULT/PRODUCTION/TRM1_SE    romdata   0x300001    program   0x000001
.config_300002_BUILD/DEFAULT/PRODUCTION/TRM1_SE    romdata   0x300002    program   0x000001
.config_300003_BUILD/DEFAULT/PRODUCTION/TRM1_SE    romdata   0x300003    program   0x000001
.config_300005_BUILD/DEFAULT/PRODUCTION/TRM1_SE    romdata   0x300005    program   0x000001
.config_300006_BUILD/DEFAULT/PRODUCTION/TRM1_SE    romdata   0x300006    program   0x000001
.config_300008_BUILD/DEFAULT/PRODUCTION/TRM1_SE    romdata   0x300008    program   0x000001
.config_300009_BUILD/DEFAULT/PRODUCTION/TRM1_SE    romdata   0x300009    program   0x000001
.config_30000A_BUILD/DEFAULT/PRODUCTION/TRM1_SE    romdata   0x30000a    program   0x000001
.config_30000B_BUILD/DEFAULT/PRODUCTION/TRM1_SE    romdata   0x30000b    program   0x000001
.config_30000C_BUILD/DEFAULT/PRODUCTION/TRM1_SE    romdata   0x30000c    program   0x000001
.config_30000D_BUILD/DEFAULT/PRODUCTION/TRM1_SE    romdata   0x30000d    program   0x000001



                              Program Memory Usage 
                               Start         End      
                           ---------   ---------      
                            0x000000    0x000005      
                            0x000008    0x00000b      
                            0x000018    0x0001b9      
                            0x300001    0x300003      
                            0x300005    0x300006      
                            0x300008    0x30000d      
            439 out of 66584 program addresses used, program memory utilization is 0%



                              Symbols - Sorted by Name
                     Name    Address   Location    Storage File                     
                ---------  ---------  ---------  --------- ---------                
           ALTA_PRIORIDAD   0x000032    program     static D:\Archivos\Programacion\Microcontroladores\PIC\ASSEMBLER\MPASM\PIC18F26K22\14_TMR1_SERVO\TMR1_SERVO.X\TRM1_SERVO.asm
           BAJA_PRIORIDAD   0x00001c    program     static D:\Archivos\Programacion\Microcontroladores\PIC\ASSEMBLER\MPASM\PIC18F26K22\14_TMR1_SERVO\TMR1_SERVO.X\TRM1_SERVO.asm
            BUCLE_RETARDO   0x0001ae    program     static D:\Archivos\Programacion\Microcontroladores\PIC\ASSEMBLER\MPASM\PIC18F26K22\14_TMR1_SERVO\TMR1_SERVO.X\TRM1_SERVO.asm
                FIN_INTER   0x000026    program     static D:\Archivos\Programacion\Microcontroladores\PIC\ASSEMBLER\MPASM\PIC18F26K22\14_TMR1_SERVO\TMR1_SERVO.X\TRM1_SERVO.asm
                 GIRO_135   0x000090    program     static D:\Archivos\Programacion\Microcontroladores\PIC\ASSEMBLER\MPASM\PIC18F26K22\14_TMR1_SERVO\TMR1_SERVO.X\TRM1_SERVO.asm
                 GIRO_180   0x0000a2    program     static D:\Archivos\Programacion\Microcontroladores\PIC\ASSEMBLER\MPASM\PIC18F26K22\14_TMR1_SERVO\TMR1_SERVO.X\TRM1_SERVO.asm
                  GIRO_45   0x00006c    program     static D:\Archivos\Programacion\Microcontroladores\PIC\ASSEMBLER\MPASM\PIC18F26K22\14_TMR1_SERVO\TMR1_SERVO.X\TRM1_SERVO.asm
                  GIRO_90   0x00007e    program     static D:\Archivos\Programacion\Microcontroladores\PIC\ASSEMBLER\MPASM\PIC18F26K22\14_TMR1_SERVO\TMR1_SERVO.X\TRM1_SERVO.asm
                   INICIO   0x000036    program     static D:\Archivos\Programacion\Microcontroladores\PIC\ASSEMBLER\MPASM\PIC18F26K22\14_TMR1_SERVO\TMR1_SERVO.X\TRM1_SERVO.asm
                PRINCIPAL   0x00005a    program     static D:\Archivos\Programacion\Microcontroladores\PIC\ASSEMBLER\MPASM\PIC18F26K22\14_TMR1_SERVO\TMR1_SERVO.X\TRM1_SERVO.asm
                RET_100MS   0x000112    program     static D:\Archivos\Programacion\Microcontroladores\PIC\ASSEMBLER\MPASM\PIC18F26K22\14_TMR1_SERVO\TMR1_SERVO.X\TRM1_SERVO.asm
                 RET_10MS   0x00013a    program     static D:\Archivos\Programacion\Microcontroladores\PIC\ASSEMBLER\MPASM\PIC18F26K22\14_TMR1_SERVO\TMR1_SERVO.X\TRM1_SERVO.asm
                 RET_18MS   0x00019a    program     static D:\Archivos\Programacion\Microcontroladores\PIC\ASSEMBLER\MPASM\PIC18F26K22\14_TMR1_SERVO\TMR1_SERVO.X\TRM1_SERVO.asm
                  RET_1MS   0x00014e    program     static D:\Archivos\Programacion\Microcontroladores\PIC\ASSEMBLER\MPASM\PIC18F26K22\14_TMR1_SERVO\TMR1_SERVO.X\TRM1_SERVO.asm
                RET_250US   0x000186    program     static D:\Archivos\Programacion\Microcontroladores\PIC\ASSEMBLER\MPASM\PIC18F26K22\14_TMR1_SERVO\TMR1_SERVO.X\TRM1_SERVO.asm
                RET_500US   0x000172    program     static D:\Archivos\Programacion\Microcontroladores\PIC\ASSEMBLER\MPASM\PIC18F26K22\14_TMR1_SERVO\TMR1_SERVO.X\TRM1_SERVO.asm
                 RET_50MS   0x000126    program     static D:\Archivos\Programacion\Microcontroladores\PIC\ASSEMBLER\MPASM\PIC18F26K22\14_TMR1_SERVO\TMR1_SERVO.X\TRM1_SERVO.asm
                  RET_5MS   0x00015e    program     static D:\Archivos\Programacion\Microcontroladores\PIC\ASSEMBLER\MPASM\PIC18F26K22\14_TMR1_SERVO\TMR1_SERVO.X\TRM1_SERVO.asm
                  SERVO_0   0x0000b8    program     static D:\Archivos\Programacion\Microcontroladores\PIC\ASSEMBLER\MPASM\PIC18F26K22\14_TMR1_SERVO\TMR1_SERVO.X\TRM1_SERVO.asm
                SERVO_135   0x0000ee    program     static D:\Archivos\Programacion\Microcontroladores\PIC\ASSEMBLER\MPASM\PIC18F26K22\14_TMR1_SERVO\TMR1_SERVO.X\TRM1_SERVO.asm
                SERVO_180   0x000104    program     static D:\Archivos\Programacion\Microcontroladores\PIC\ASSEMBLER\MPASM\PIC18F26K22\14_TMR1_SERVO\TMR1_SERVO.X\TRM1_SERVO.asm
                 SERVO_45   0x0000c6    program     static D:\Archivos\Programacion\Microcontroladores\PIC\ASSEMBLER\MPASM\PIC18F26K22\14_TMR1_SERVO\TMR1_SERVO.X\TRM1_SERVO.asm
                 SERVO_90   0x0000dc    program     static D:\Archivos\Programacion\Microcontroladores\PIC\ASSEMBLER\MPASM\PIC18F26K22\14_TMR1_SERVO\TMR1_SERVO.X\TRM1_SERVO.asm



                              Symbols - Sorted by Address
                     Name    Address   Location    Storage File                     
                ---------  ---------  ---------  --------- ---------                
           BAJA_PRIORIDAD   0x00001c    program     static D:\Archivos\Programacion\Microcontroladores\PIC\ASSEMBLER\MPASM\PIC18F26K22\14_TMR1_SERVO\TMR1_SERVO.X\TRM1_SERVO.asm
                FIN_INTER   0x000026    program     static D:\Archivos\Programacion\Microcontroladores\PIC\ASSEMBLER\MPASM\PIC18F26K22\14_TMR1_SERVO\TMR1_SERVO.X\TRM1_SERVO.asm
           ALTA_PRIORIDAD   0x000032    program     static D:\Archivos\Programacion\Microcontroladores\PIC\ASSEMBLER\MPASM\PIC18F26K22\14_TMR1_SERVO\TMR1_SERVO.X\TRM1_SERVO.asm
                   INICIO   0x000036    program     static D:\Archivos\Programacion\Microcontroladores\PIC\ASSEMBLER\MPASM\PIC18F26K22\14_TMR1_SERVO\TMR1_SERVO.X\TRM1_SERVO.asm
                PRINCIPAL   0x00005a    program     static D:\Archivos\Programacion\Microcontroladores\PIC\ASSEMBLER\MPASM\PIC18F26K22\14_TMR1_SERVO\TMR1_SERVO.X\TRM1_SERVO.asm
                  GIRO_45   0x00006c    program     static D:\Archivos\Programacion\Microcontroladores\PIC\ASSEMBLER\MPASM\PIC18F26K22\14_TMR1_SERVO\TMR1_SERVO.X\TRM1_SERVO.asm
                  GIRO_90   0x00007e    program     static D:\Archivos\Programacion\Microcontroladores\PIC\ASSEMBLER\MPASM\PIC18F26K22\14_TMR1_SERVO\TMR1_SERVO.X\TRM1_SERVO.asm
                 GIRO_135   0x000090    program     static D:\Archivos\Programacion\Microcontroladores\PIC\ASSEMBLER\MPASM\PIC18F26K22\14_TMR1_SERVO\TMR1_SERVO.X\TRM1_SERVO.asm
                 GIRO_180   0x0000a2    program     static D:\Archivos\Programacion\Microcontroladores\PIC\ASSEMBLER\MPASM\PIC18F26K22\14_TMR1_SERVO\TMR1_SERVO.X\TRM1_SERVO.asm
                  SERVO_0   0x0000b8    program     static D:\Archivos\Programacion\Microcontroladores\PIC\ASSEMBLER\MPASM\PIC18F26K22\14_TMR1_SERVO\TMR1_SERVO.X\TRM1_SERVO.asm
                 SERVO_45   0x0000c6    program     static D:\Archivos\Programacion\Microcontroladores\PIC\ASSEMBLER\MPASM\PIC18F26K22\14_TMR1_SERVO\TMR1_SERVO.X\TRM1_SERVO.asm
                 SERVO_90   0x0000dc    program     static D:\Archivos\Programacion\Microcontroladores\PIC\ASSEMBLER\MPASM\PIC18F26K22\14_TMR1_SERVO\TMR1_SERVO.X\TRM1_SERVO.asm
                SERVO_135   0x0000ee    program     static D:\Archivos\Programacion\Microcontroladores\PIC\ASSEMBLER\MPASM\PIC18F26K22\14_TMR1_SERVO\TMR1_SERVO.X\TRM1_SERVO.asm
                SERVO_180   0x000104    program     static D:\Archivos\Programacion\Microcontroladores\PIC\ASSEMBLER\MPASM\PIC18F26K22\14_TMR1_SERVO\TMR1_SERVO.X\TRM1_SERVO.asm
                RET_100MS   0x000112    program     static D:\Archivos\Programacion\Microcontroladores\PIC\ASSEMBLER\MPASM\PIC18F26K22\14_TMR1_SERVO\TMR1_SERVO.X\TRM1_SERVO.asm
                 RET_50MS   0x000126    program     static D:\Archivos\Programacion\Microcontroladores\PIC\ASSEMBLER\MPASM\PIC18F26K22\14_TMR1_SERVO\TMR1_SERVO.X\TRM1_SERVO.asm
                 RET_10MS   0x00013a    program     static D:\Archivos\Programacion\Microcontroladores\PIC\ASSEMBLER\MPASM\PIC18F26K22\14_TMR1_SERVO\TMR1_SERVO.X\TRM1_SERVO.asm
                  RET_1MS   0x00014e    program     static D:\Archivos\Programacion\Microcontroladores\PIC\ASSEMBLER\MPASM\PIC18F26K22\14_TMR1_SERVO\TMR1_SERVO.X\TRM1_SERVO.asm
                  RET_5MS   0x00015e    program     static D:\Archivos\Programacion\Microcontroladores\PIC\ASSEMBLER\MPASM\PIC18F26K22\14_TMR1_SERVO\TMR1_SERVO.X\TRM1_SERVO.asm
                RET_500US   0x000172    program     static D:\Archivos\Programacion\Microcontroladores\PIC\ASSEMBLER\MPASM\PIC18F26K22\14_TMR1_SERVO\TMR1_SERVO.X\TRM1_SERVO.asm
                RET_250US   0x000186    program     static D:\Archivos\Programacion\Microcontroladores\PIC\ASSEMBLER\MPASM\PIC18F26K22\14_TMR1_SERVO\TMR1_SERVO.X\TRM1_SERVO.asm
                 RET_18MS   0x00019a    program     static D:\Archivos\Programacion\Microcontroladores\PIC\ASSEMBLER\MPASM\PIC18F26K22\14_TMR1_SERVO\TMR1_SERVO.X\TRM1_SERVO.asm
            BUCLE_RETARDO   0x0001ae    program     static D:\Archivos\Programacion\Microcontroladores\PIC\ASSEMBLER\MPASM\PIC18F26K22\14_TMR1_SERVO\TMR1_SERVO.X\TRM1_SERVO.asm


