MPLINK 5.09, LINKER
Linker Map File - Created Sat Mar 05 19:58:46 2022

                                 Section Info
                  Section       Type    Address   Location Size(Bytes)
                ---------  ---------  ---------  ---------  ---------
                   .org_0       code   0x000000    program   0x00017c
                   .cinit    romdata   0x00017c    program   0x000002
.config_300001_BUILD/DEFAULT/PRODUCTION/MAIN.O    romdata   0x300001    program   0x000001
.config_300002_BUILD/DEFAULT/PRODUCTION/MAIN.O    romdata   0x300002    program   0x000001
.config_300003_BUILD/DEFAULT/PRODUCTION/MAIN.O    romdata   0x300003    program   0x000001
.config_300005_BUILD/DEFAULT/PRODUCTION/MAIN.O    romdata   0x300005    program   0x000001
.config_300006_BUILD/DEFAULT/PRODUCTION/MAIN.O    romdata   0x300006    program   0x000001
.config_300008_BUILD/DEFAULT/PRODUCTION/MAIN.O    romdata   0x300008    program   0x000001
.config_300009_BUILD/DEFAULT/PRODUCTION/MAIN.O    romdata   0x300009    program   0x000001
.config_30000A_BUILD/DEFAULT/PRODUCTION/MAIN.O    romdata   0x30000a    program   0x000001
.config_30000B_BUILD/DEFAULT/PRODUCTION/MAIN.O    romdata   0x30000b    program   0x000001
.config_30000C_BUILD/DEFAULT/PRODUCTION/MAIN.O    romdata   0x30000c    program   0x000001
.config_30000D_BUILD/DEFAULT/PRODUCTION/MAIN.O    romdata   0x30000d    program   0x000001



                              Program Memory Usage 
                               Start         End      
                           ---------   ---------      
                            0x000000    0x00017d      
                            0x300001    0x300003      
                            0x300005    0x300006      
                            0x300008    0x30000d      
            393 out of 66584 program addresses used, program memory utilization is 0%



                              Symbols - Sorted by Name
                     Name    Address   Location    Storage File                     
                ---------  ---------  ---------  --------- ---------                
            BUCLE_RETARDO   0x000170    program     static D:\Archivos\Programacion\Microcontroladores\PIC\ASSEMBLER\MPASM\PIC18F26K22\23_PWM_BOTONES\PWM_BOTONES.X\MY_RETARDOS.inc
                   INICIO   0x000004    program     static D:\Archivos\Programacion\Microcontroladores\PIC\ASSEMBLER\MPASM\PIC18F26K22\23_PWM_BOTONES\PWM_BOTONES.X\main.asm
                PRINCIPAL   0x000040    program     static D:\Archivos\Programacion\Microcontroladores\PIC\ASSEMBLER\MPASM\PIC18F26K22\23_PWM_BOTONES\PWM_BOTONES.X\main.asm
               RESTA_DUTY   0x00006c    program     static D:\Archivos\Programacion\Microcontroladores\PIC\ASSEMBLER\MPASM\PIC18F26K22\23_PWM_BOTONES\PWM_BOTONES.X\main.asm
                RET_100MS   0x0000c0    program     static D:\Archivos\Programacion\Microcontroladores\PIC\ASSEMBLER\MPASM\PIC18F26K22\23_PWM_BOTONES\PWM_BOTONES.X\MY_RETARDOS.inc
                 RET_10MS   0x0000e8    program     static D:\Archivos\Programacion\Microcontroladores\PIC\ASSEMBLER\MPASM\PIC18F26K22\23_PWM_BOTONES\PWM_BOTONES.X\MY_RETARDOS.inc
                 RET_16MS   0x000120    program     static D:\Archivos\Programacion\Microcontroladores\PIC\ASSEMBLER\MPASM\PIC18F26K22\23_PWM_BOTONES\PWM_BOTONES.X\MY_RETARDOS.inc
                 RET_18MS   0x00015c    program     static D:\Archivos\Programacion\Microcontroladores\PIC\ASSEMBLER\MPASM\PIC18F26K22\23_PWM_BOTONES\PWM_BOTONES.X\MY_RETARDOS.inc
                  RET_1MS   0x0000fc    program     static D:\Archivos\Programacion\Microcontroladores\PIC\ASSEMBLER\MPASM\PIC18F26K22\23_PWM_BOTONES\PWM_BOTONES.X\MY_RETARDOS.inc
                   RET_1S   0x000098    program     static D:\Archivos\Programacion\Microcontroladores\PIC\ASSEMBLER\MPASM\PIC18F26K22\23_PWM_BOTONES\PWM_BOTONES.X\MY_RETARDOS.inc
                RET_250US   0x000148    program     static D:\Archivos\Programacion\Microcontroladores\PIC\ASSEMBLER\MPASM\PIC18F26K22\23_PWM_BOTONES\PWM_BOTONES.X\MY_RETARDOS.inc
                RET_500MS   0x0000ac    program     static D:\Archivos\Programacion\Microcontroladores\PIC\ASSEMBLER\MPASM\PIC18F26K22\23_PWM_BOTONES\PWM_BOTONES.X\MY_RETARDOS.inc
                RET_500US   0x000134    program     static D:\Archivos\Programacion\Microcontroladores\PIC\ASSEMBLER\MPASM\PIC18F26K22\23_PWM_BOTONES\PWM_BOTONES.X\MY_RETARDOS.inc
                 RET_50MS   0x0000d4    program     static D:\Archivos\Programacion\Microcontroladores\PIC\ASSEMBLER\MPASM\PIC18F26K22\23_PWM_BOTONES\PWM_BOTONES.X\MY_RETARDOS.inc
                  RET_5MS   0x00010c    program     static D:\Archivos\Programacion\Microcontroladores\PIC\ASSEMBLER\MPASM\PIC18F26K22\23_PWM_BOTONES\PWM_BOTONES.X\MY_RETARDOS.inc
                RET_SERVO   0x000084    program     static D:\Archivos\Programacion\Microcontroladores\PIC\ASSEMBLER\MPASM\PIC18F26K22\23_PWM_BOTONES\PWM_BOTONES.X\MY_RETARDOS.inc
                SUMA_DUTY   0x000054    program     static D:\Archivos\Programacion\Microcontroladores\PIC\ASSEMBLER\MPASM\PIC18F26K22\23_PWM_BOTONES\PWM_BOTONES.X\main.asm



                              Symbols - Sorted by Address
                     Name    Address   Location    Storage File                     
                ---------  ---------  ---------  --------- ---------                
                   INICIO   0x000004    program     static D:\Archivos\Programacion\Microcontroladores\PIC\ASSEMBLER\MPASM\PIC18F26K22\23_PWM_BOTONES\PWM_BOTONES.X\main.asm
                PRINCIPAL   0x000040    program     static D:\Archivos\Programacion\Microcontroladores\PIC\ASSEMBLER\MPASM\PIC18F26K22\23_PWM_BOTONES\PWM_BOTONES.X\main.asm
                SUMA_DUTY   0x000054    program     static D:\Archivos\Programacion\Microcontroladores\PIC\ASSEMBLER\MPASM\PIC18F26K22\23_PWM_BOTONES\PWM_BOTONES.X\main.asm
               RESTA_DUTY   0x00006c    program     static D:\Archivos\Programacion\Microcontroladores\PIC\ASSEMBLER\MPASM\PIC18F26K22\23_PWM_BOTONES\PWM_BOTONES.X\main.asm
                RET_SERVO   0x000084    program     static D:\Archivos\Programacion\Microcontroladores\PIC\ASSEMBLER\MPASM\PIC18F26K22\23_PWM_BOTONES\PWM_BOTONES.X\MY_RETARDOS.inc
                   RET_1S   0x000098    program     static D:\Archivos\Programacion\Microcontroladores\PIC\ASSEMBLER\MPASM\PIC18F26K22\23_PWM_BOTONES\PWM_BOTONES.X\MY_RETARDOS.inc
                RET_500MS   0x0000ac    program     static D:\Archivos\Programacion\Microcontroladores\PIC\ASSEMBLER\MPASM\PIC18F26K22\23_PWM_BOTONES\PWM_BOTONES.X\MY_RETARDOS.inc
                RET_100MS   0x0000c0    program     static D:\Archivos\Programacion\Microcontroladores\PIC\ASSEMBLER\MPASM\PIC18F26K22\23_PWM_BOTONES\PWM_BOTONES.X\MY_RETARDOS.inc
                 RET_50MS   0x0000d4    program     static D:\Archivos\Programacion\Microcontroladores\PIC\ASSEMBLER\MPASM\PIC18F26K22\23_PWM_BOTONES\PWM_BOTONES.X\MY_RETARDOS.inc
                 RET_10MS   0x0000e8    program     static D:\Archivos\Programacion\Microcontroladores\PIC\ASSEMBLER\MPASM\PIC18F26K22\23_PWM_BOTONES\PWM_BOTONES.X\MY_RETARDOS.inc
                  RET_1MS   0x0000fc    program     static D:\Archivos\Programacion\Microcontroladores\PIC\ASSEMBLER\MPASM\PIC18F26K22\23_PWM_BOTONES\PWM_BOTONES.X\MY_RETARDOS.inc
                  RET_5MS   0x00010c    program     static D:\Archivos\Programacion\Microcontroladores\PIC\ASSEMBLER\MPASM\PIC18F26K22\23_PWM_BOTONES\PWM_BOTONES.X\MY_RETARDOS.inc
                 RET_16MS   0x000120    program     static D:\Archivos\Programacion\Microcontroladores\PIC\ASSEMBLER\MPASM\PIC18F26K22\23_PWM_BOTONES\PWM_BOTONES.X\MY_RETARDOS.inc
                RET_500US   0x000134    program     static D:\Archivos\Programacion\Microcontroladores\PIC\ASSEMBLER\MPASM\PIC18F26K22\23_PWM_BOTONES\PWM_BOTONES.X\MY_RETARDOS.inc
                RET_250US   0x000148    program     static D:\Archivos\Programacion\Microcontroladores\PIC\ASSEMBLER\MPASM\PIC18F26K22\23_PWM_BOTONES\PWM_BOTONES.X\MY_RETARDOS.inc
                 RET_18MS   0x00015c    program     static D:\Archivos\Programacion\Microcontroladores\PIC\ASSEMBLER\MPASM\PIC18F26K22\23_PWM_BOTONES\PWM_BOTONES.X\MY_RETARDOS.inc
            BUCLE_RETARDO   0x000170    program     static D:\Archivos\Programacion\Microcontroladores\PIC\ASSEMBLER\MPASM\PIC18F26K22\23_PWM_BOTONES\PWM_BOTONES.X\MY_RETARDOS.inc


