MPLINK 5.09, LINKER
Linker Map File - Created Tue Mar 01 19:42:22 2022

                                 Section Info
                  Section       Type    Address   Location Size(Bytes)
                ---------  ---------  ---------  ---------  ---------
                   .org_0       code   0x000000    program   0x000004
                   .cinit    romdata   0x000004    program   0x000002
                   .org_1       code   0x000008    program   0x000004
                   .org_2       code   0x000018    program   0x000194
.config_300001_BUILD/DEFAULT/PRODUCTION/MAIN.O    romdata   0x300001    program   0x000001
.config_300002_BUILD/DEFAULT/PRODUCTION/MAIN.O    romdata   0x300002    program   0x000001
.config_300003_BUILD/DEFAULT/PRODUCTION/MAIN.O    romdata   0x300003    program   0x000001
.config_300005_BUILD/DEFAULT/PRODUCTION/MAIN.O    romdata   0x300005    program   0x000001
.config_300006_BUILD/DEFAULT/PRODUCTION/MAIN.O    romdata   0x300006    program   0x000001
.config_300008_BUILD/DEFAULT/PRODUCTION/MAIN.O    romdata   0x300008    program   0x000001
.config_300009_BUILD/DEFAULT/PRODUCTION/MAIN.O    romdata   0x300009    program   0x000001
.config_30000A_BUILD/DEFAULT/PRODUCTION/MAIN.O    romdata   0x30000a    program   0x000001
.config_30000B_BUILD/DEFAULT/PRODUCTION/MAIN.O    romdata   0x30000b    program   0x000001
.config_30000C_BUILD/DEFAULT/PRODUCTION/MAIN.O    romdata   0x30000c    program   0x000001
.config_30000D_BUILD/DEFAULT/PRODUCTION/MAIN.O    romdata   0x30000d    program   0x000001



                              Program Memory Usage 
                               Start         End      
                           ---------   ---------      
                            0x000000    0x000005      
                            0x000008    0x00000b      
                            0x000018    0x0001ab      
                            0x300001    0x300003      
                            0x300005    0x300006      
                            0x300008    0x30000d      
            425 out of 66584 program addresses used, program memory utilization is 0%



                              Symbols - Sorted by Name
                     Name    Address   Location    Storage File                     
                ---------  ---------  ---------  --------- ---------                
           ALTA_PRIORIDAD   0x000032    program     static D:\Archivos\Programacion\Microcontroladores\PIC\ASSEMBLER\MPASM\PIC18F26K22\20_STEP_MOTOR_BUTTONS\STEP_MOTOR_BUTTONS.X\main.asm
              ANTIHORARIO   0x000092    program     static D:\Archivos\Programacion\Microcontroladores\PIC\ASSEMBLER\MPASM\PIC18F26K22\20_STEP_MOTOR_BUTTONS\STEP_MOTOR_BUTTONS.X\main.asm
           BAJA_PRIORIDAD   0x00001c    program     static D:\Archivos\Programacion\Microcontroladores\PIC\ASSEMBLER\MPASM\PIC18F26K22\20_STEP_MOTOR_BUTTONS\STEP_MOTOR_BUTTONS.X\main.asm
            BUCLE_RETARDO   0x0001a0    program     static D:\Archivos\Programacion\Microcontroladores\PIC\ASSEMBLER\MPASM\PIC18F26K22\20_STEP_MOTOR_BUTTONS\STEP_MOTOR_BUTTONS.X\MY_RETARDOS.inc
                FIN_INTER   0x000026    program     static D:\Archivos\Programacion\Microcontroladores\PIC\ASSEMBLER\MPASM\PIC18F26K22\20_STEP_MOTOR_BUTTONS\STEP_MOTOR_BUTTONS.X\main.asm
                  HORARIO   0x000070    program     static D:\Archivos\Programacion\Microcontroladores\PIC\ASSEMBLER\MPASM\PIC18F26K22\20_STEP_MOTOR_BUTTONS\STEP_MOTOR_BUTTONS.X\main.asm
                   INICIO   0x000036    program     static D:\Archivos\Programacion\Microcontroladores\PIC\ASSEMBLER\MPASM\PIC18F26K22\20_STEP_MOTOR_BUTTONS\STEP_MOTOR_BUTTONS.X\main.asm
                PRINCIPAL   0x000060    program     static D:\Archivos\Programacion\Microcontroladores\PIC\ASSEMBLER\MPASM\PIC18F26K22\20_STEP_MOTOR_BUTTONS\STEP_MOTOR_BUTTONS.X\main.asm
                RET_100MS   0x0000f0    program     static D:\Archivos\Programacion\Microcontroladores\PIC\ASSEMBLER\MPASM\PIC18F26K22\20_STEP_MOTOR_BUTTONS\STEP_MOTOR_BUTTONS.X\MY_RETARDOS.inc
                 RET_10MS   0x000118    program     static D:\Archivos\Programacion\Microcontroladores\PIC\ASSEMBLER\MPASM\PIC18F26K22\20_STEP_MOTOR_BUTTONS\STEP_MOTOR_BUTTONS.X\MY_RETARDOS.inc
                 RET_16MS   0x000150    program     static D:\Archivos\Programacion\Microcontroladores\PIC\ASSEMBLER\MPASM\PIC18F26K22\20_STEP_MOTOR_BUTTONS\STEP_MOTOR_BUTTONS.X\MY_RETARDOS.inc
                 RET_18MS   0x00018c    program     static D:\Archivos\Programacion\Microcontroladores\PIC\ASSEMBLER\MPASM\PIC18F26K22\20_STEP_MOTOR_BUTTONS\STEP_MOTOR_BUTTONS.X\MY_RETARDOS.inc
                  RET_1MS   0x00012c    program     static D:\Archivos\Programacion\Microcontroladores\PIC\ASSEMBLER\MPASM\PIC18F26K22\20_STEP_MOTOR_BUTTONS\STEP_MOTOR_BUTTONS.X\MY_RETARDOS.inc
                   RET_1S   0x0000c8    program     static D:\Archivos\Programacion\Microcontroladores\PIC\ASSEMBLER\MPASM\PIC18F26K22\20_STEP_MOTOR_BUTTONS\STEP_MOTOR_BUTTONS.X\MY_RETARDOS.inc
                RET_250US   0x000178    program     static D:\Archivos\Programacion\Microcontroladores\PIC\ASSEMBLER\MPASM\PIC18F26K22\20_STEP_MOTOR_BUTTONS\STEP_MOTOR_BUTTONS.X\MY_RETARDOS.inc
                RET_500MS   0x0000dc    program     static D:\Archivos\Programacion\Microcontroladores\PIC\ASSEMBLER\MPASM\PIC18F26K22\20_STEP_MOTOR_BUTTONS\STEP_MOTOR_BUTTONS.X\MY_RETARDOS.inc
                RET_500US   0x000164    program     static D:\Archivos\Programacion\Microcontroladores\PIC\ASSEMBLER\MPASM\PIC18F26K22\20_STEP_MOTOR_BUTTONS\STEP_MOTOR_BUTTONS.X\MY_RETARDOS.inc
                 RET_50MS   0x000104    program     static D:\Archivos\Programacion\Microcontroladores\PIC\ASSEMBLER\MPASM\PIC18F26K22\20_STEP_MOTOR_BUTTONS\STEP_MOTOR_BUTTONS.X\MY_RETARDOS.inc
                  RET_5MS   0x00013c    program     static D:\Archivos\Programacion\Microcontroladores\PIC\ASSEMBLER\MPASM\PIC18F26K22\20_STEP_MOTOR_BUTTONS\STEP_MOTOR_BUTTONS.X\MY_RETARDOS.inc
                RET_SERVO   0x0000b4    program     static D:\Archivos\Programacion\Microcontroladores\PIC\ASSEMBLER\MPASM\PIC18F26K22\20_STEP_MOTOR_BUTTONS\STEP_MOTOR_BUTTONS.X\MY_RETARDOS.inc



                              Symbols - Sorted by Address
                     Name    Address   Location    Storage File                     
                ---------  ---------  ---------  --------- ---------                
           BAJA_PRIORIDAD   0x00001c    program     static D:\Archivos\Programacion\Microcontroladores\PIC\ASSEMBLER\MPASM\PIC18F26K22\20_STEP_MOTOR_BUTTONS\STEP_MOTOR_BUTTONS.X\main.asm
                FIN_INTER   0x000026    program     static D:\Archivos\Programacion\Microcontroladores\PIC\ASSEMBLER\MPASM\PIC18F26K22\20_STEP_MOTOR_BUTTONS\STEP_MOTOR_BUTTONS.X\main.asm
           ALTA_PRIORIDAD   0x000032    program     static D:\Archivos\Programacion\Microcontroladores\PIC\ASSEMBLER\MPASM\PIC18F26K22\20_STEP_MOTOR_BUTTONS\STEP_MOTOR_BUTTONS.X\main.asm
                   INICIO   0x000036    program     static D:\Archivos\Programacion\Microcontroladores\PIC\ASSEMBLER\MPASM\PIC18F26K22\20_STEP_MOTOR_BUTTONS\STEP_MOTOR_BUTTONS.X\main.asm
                PRINCIPAL   0x000060    program     static D:\Archivos\Programacion\Microcontroladores\PIC\ASSEMBLER\MPASM\PIC18F26K22\20_STEP_MOTOR_BUTTONS\STEP_MOTOR_BUTTONS.X\main.asm
                  HORARIO   0x000070    program     static D:\Archivos\Programacion\Microcontroladores\PIC\ASSEMBLER\MPASM\PIC18F26K22\20_STEP_MOTOR_BUTTONS\STEP_MOTOR_BUTTONS.X\main.asm
              ANTIHORARIO   0x000092    program     static D:\Archivos\Programacion\Microcontroladores\PIC\ASSEMBLER\MPASM\PIC18F26K22\20_STEP_MOTOR_BUTTONS\STEP_MOTOR_BUTTONS.X\main.asm
                RET_SERVO   0x0000b4    program     static D:\Archivos\Programacion\Microcontroladores\PIC\ASSEMBLER\MPASM\PIC18F26K22\20_STEP_MOTOR_BUTTONS\STEP_MOTOR_BUTTONS.X\MY_RETARDOS.inc
                   RET_1S   0x0000c8    program     static D:\Archivos\Programacion\Microcontroladores\PIC\ASSEMBLER\MPASM\PIC18F26K22\20_STEP_MOTOR_BUTTONS\STEP_MOTOR_BUTTONS.X\MY_RETARDOS.inc
                RET_500MS   0x0000dc    program     static D:\Archivos\Programacion\Microcontroladores\PIC\ASSEMBLER\MPASM\PIC18F26K22\20_STEP_MOTOR_BUTTONS\STEP_MOTOR_BUTTONS.X\MY_RETARDOS.inc
                RET_100MS   0x0000f0    program     static D:\Archivos\Programacion\Microcontroladores\PIC\ASSEMBLER\MPASM\PIC18F26K22\20_STEP_MOTOR_BUTTONS\STEP_MOTOR_BUTTONS.X\MY_RETARDOS.inc
                 RET_50MS   0x000104    program     static D:\Archivos\Programacion\Microcontroladores\PIC\ASSEMBLER\MPASM\PIC18F26K22\20_STEP_MOTOR_BUTTONS\STEP_MOTOR_BUTTONS.X\MY_RETARDOS.inc
                 RET_10MS   0x000118    program     static D:\Archivos\Programacion\Microcontroladores\PIC\ASSEMBLER\MPASM\PIC18F26K22\20_STEP_MOTOR_BUTTONS\STEP_MOTOR_BUTTONS.X\MY_RETARDOS.inc
                  RET_1MS   0x00012c    program     static D:\Archivos\Programacion\Microcontroladores\PIC\ASSEMBLER\MPASM\PIC18F26K22\20_STEP_MOTOR_BUTTONS\STEP_MOTOR_BUTTONS.X\MY_RETARDOS.inc
                  RET_5MS   0x00013c    program     static D:\Archivos\Programacion\Microcontroladores\PIC\ASSEMBLER\MPASM\PIC18F26K22\20_STEP_MOTOR_BUTTONS\STEP_MOTOR_BUTTONS.X\MY_RETARDOS.inc
                 RET_16MS   0x000150    program     static D:\Archivos\Programacion\Microcontroladores\PIC\ASSEMBLER\MPASM\PIC18F26K22\20_STEP_MOTOR_BUTTONS\STEP_MOTOR_BUTTONS.X\MY_RETARDOS.inc
                RET_500US   0x000164    program     static D:\Archivos\Programacion\Microcontroladores\PIC\ASSEMBLER\MPASM\PIC18F26K22\20_STEP_MOTOR_BUTTONS\STEP_MOTOR_BUTTONS.X\MY_RETARDOS.inc
                RET_250US   0x000178    program     static D:\Archivos\Programacion\Microcontroladores\PIC\ASSEMBLER\MPASM\PIC18F26K22\20_STEP_MOTOR_BUTTONS\STEP_MOTOR_BUTTONS.X\MY_RETARDOS.inc
                 RET_18MS   0x00018c    program     static D:\Archivos\Programacion\Microcontroladores\PIC\ASSEMBLER\MPASM\PIC18F26K22\20_STEP_MOTOR_BUTTONS\STEP_MOTOR_BUTTONS.X\MY_RETARDOS.inc
            BUCLE_RETARDO   0x0001a0    program     static D:\Archivos\Programacion\Microcontroladores\PIC\ASSEMBLER\MPASM\PIC18F26K22\20_STEP_MOTOR_BUTTONS\STEP_MOTOR_BUTTONS.X\MY_RETARDOS.inc


