MPLINK 5.09, LINKER
Linker Map File - Created Wed Mar 24 21:39:14 2021

                                 Section Info
                  Section       Type    Address   Location Size(Bytes)
                ---------  ---------  ---------  ---------  ---------
                   .org_0       code   0x000000    program   0x000004
                   .cinit    romdata   0x000004    program   0x000002
                   .org_1       code   0x000008    program   0x000004
                   .org_2       code   0x000018    program   0x00024c
.config_300001_BUILD/DEFAULT/PRODUCTION/CONTADO    romdata   0x300001    program   0x000001
.config_300002_BUILD/DEFAULT/PRODUCTION/CONTADO    romdata   0x300002    program   0x000001
.config_300003_BUILD/DEFAULT/PRODUCTION/CONTADO    romdata   0x300003    program   0x000001
.config_300005_BUILD/DEFAULT/PRODUCTION/CONTADO    romdata   0x300005    program   0x000001
.config_300006_BUILD/DEFAULT/PRODUCTION/CONTADO    romdata   0x300006    program   0x000001
.config_300008_BUILD/DEFAULT/PRODUCTION/CONTADO    romdata   0x300008    program   0x000001
.config_300009_BUILD/DEFAULT/PRODUCTION/CONTADO    romdata   0x300009    program   0x000001
.config_30000A_BUILD/DEFAULT/PRODUCTION/CONTADO    romdata   0x30000a    program   0x000001
.config_30000B_BUILD/DEFAULT/PRODUCTION/CONTADO    romdata   0x30000b    program   0x000001
.config_30000C_BUILD/DEFAULT/PRODUCTION/CONTADO    romdata   0x30000c    program   0x000001
.config_30000D_BUILD/DEFAULT/PRODUCTION/CONTADO    romdata   0x30000d    program   0x000001



                              Program Memory Usage 
                               Start         End      
                           ---------   ---------      
                            0x000000    0x000005      
                            0x000008    0x00000b      
                            0x000018    0x000263      
                            0x300001    0x300003      
                            0x300005    0x300006      
                            0x300008    0x30000d      
            609 out of 66584 program addresses used, program memory utilization is 0%



                              Symbols - Sorted by Name
                     Name    Address   Location    Storage File                     
                ---------  ---------  ---------  --------- ---------                
           ALTA_PRIORIDAD   0x000032    program     static C:\Users\Diego\Documents\Microcontroladores\PIC\ASSEMBLER\PIC18F26K22\11_CONT_0_9999\CONTADOR.X\CONTADOR.asm
           BAJA_PRIORIDAD   0x00001c    program     static C:\Users\Diego\Documents\Microcontroladores\PIC\ASSEMBLER\PIC18F26K22\11_CONT_0_9999\CONTADOR.X\CONTADOR.asm
            CICLO_RETARDO   0x000206    program     static C:\Users\Diego\Documents\Microcontroladores\PIC\ASSEMBLER\PIC18F26K22\11_CONT_0_9999\CONTADOR.X\RETARDOS.INC
           CONFIG_RETARDO   0x00016a    program     static C:\Users\Diego\Documents\Microcontroladores\PIC\ASSEMBLER\PIC18F26K22\11_CONT_0_9999\CONTADOR.X\RETARDOS.INC
                DEC_VALOR   0x0000b8    program     static C:\Users\Diego\Documents\Microcontroladores\PIC\ASSEMBLER\PIC18F26K22\11_CONT_0_9999\CONTADOR.X\CONTADOR.asm
                FIN_INTER   0x000026    program     static C:\Users\Diego\Documents\Microcontroladores\PIC\ASSEMBLER\PIC18F26K22\11_CONT_0_9999\CONTADOR.X\CONTADOR.asm
                INC_VALOR   0x00007c    program     static C:\Users\Diego\Documents\Microcontroladores\PIC\ASSEMBLER\PIC18F26K22\11_CONT_0_9999\CONTADOR.X\CONTADOR.asm
                   INICIO   0x000036    program     static C:\Users\Diego\Documents\Microcontroladores\PIC\ASSEMBLER\PIC18F26K22\11_CONT_0_9999\CONTADOR.X\CONTADOR.asm
          MUESTRA_DISPLAY   0x0000fc    program     static C:\Users\Diego\Documents\Microcontroladores\PIC\ASSEMBLER\PIC18F26K22\11_CONT_0_9999\CONTADOR.X\CONTADOR.asm
                PRINCIPAL   0x000068    program     static C:\Users\Diego\Documents\Microcontroladores\PIC\ASSEMBLER\PIC18F26K22\11_CONT_0_9999\CONTADOR.X\CONTADOR.asm
                 RETARDOS   0x0001fc    program     static C:\Users\Diego\Documents\Microcontroladores\PIC\ASSEMBLER\PIC18F26K22\11_CONT_0_9999\CONTADOR.X\RETARDOS.INC
                RET_100ms   0x00022e    program     static C:\Users\Diego\Documents\Microcontroladores\PIC\ASSEMBLER\PIC18F26K22\11_CONT_0_9999\CONTADOR.X\RETARDOS.INC
                RET_100us   0x0001ec    program     static C:\Users\Diego\Documents\Microcontroladores\PIC\ASSEMBLER\PIC18F26K22\11_CONT_0_9999\CONTADOR.X\RETARDOS.INC
                 RET_10ms   0x000216    program     static C:\Users\Diego\Documents\Microcontroladores\PIC\ASSEMBLER\PIC18F26K22\11_CONT_0_9999\CONTADOR.X\RETARDOS.INC
                  RET_1ms   0x000226    program     static C:\Users\Diego\Documents\Microcontroladores\PIC\ASSEMBLER\PIC18F26K22\11_CONT_0_9999\CONTADOR.X\RETARDOS.INC
                   RET_1s   0x00025c    program     static C:\Users\Diego\Documents\Microcontroladores\PIC\ASSEMBLER\PIC18F26K22\11_CONT_0_9999\CONTADOR.X\RETARDOS.INC
                RET_500ms   0x000236    program     static C:\Users\Diego\Documents\Microcontroladores\PIC\ASSEMBLER\PIC18F26K22\11_CONT_0_9999\CONTADOR.X\RETARDOS.INC
                  RET_5ms   0x00021e    program     static C:\Users\Diego\Documents\Microcontroladores\PIC\ASSEMBLER\PIC18F26K22\11_CONT_0_9999\CONTADOR.X\RETARDOS.INC
              RET_BOTONES   0x000176    program     static C:\Users\Diego\Documents\Microcontroladores\PIC\ASSEMBLER\PIC18F26K22\11_CONT_0_9999\CONTADOR.X\RETARDOS.INC
               RET_X100ms   0x0001b0    program     static C:\Users\Diego\Documents\Microcontroladores\PIC\ASSEMBLER\PIC18F26K22\11_CONT_0_9999\CONTADOR.X\RETARDOS.INC
                RET_X10ms   0x0001c4    program     static C:\Users\Diego\Documents\Microcontroladores\PIC\ASSEMBLER\PIC18F26K22\11_CONT_0_9999\CONTADOR.X\RETARDOS.INC
                  RET_X1s   0x00019c    program     static C:\Users\Diego\Documents\Microcontroladores\PIC\ASSEMBLER\PIC18F26K22\11_CONT_0_9999\CONTADOR.X\RETARDOS.INC
                  RET_Xms   0x0001d8    program     static C:\Users\Diego\Documents\Microcontroladores\PIC\ASSEMBLER\PIC18F26K22\11_CONT_0_9999\CONTADOR.X\RETARDOS.INC
                    TABLA   0x000160    program     static C:\Users\Diego\Documents\Microcontroladores\PIC\ASSEMBLER\PIC18F26K22\11_CONT_0_9999\CONTADOR.X\CONTADOR.asm
             TABLA_NUMERO   0x000148    program     static C:\Users\Diego\Documents\Microcontroladores\PIC\ASSEMBLER\PIC18F26K22\11_CONT_0_9999\CONTADOR.X\CONTADOR.asm



                              Symbols - Sorted by Address
                     Name    Address   Location    Storage File                     
                ---------  ---------  ---------  --------- ---------                
           BAJA_PRIORIDAD   0x00001c    program     static C:\Users\Diego\Documents\Microcontroladores\PIC\ASSEMBLER\PIC18F26K22\11_CONT_0_9999\CONTADOR.X\CONTADOR.asm
                FIN_INTER   0x000026    program     static C:\Users\Diego\Documents\Microcontroladores\PIC\ASSEMBLER\PIC18F26K22\11_CONT_0_9999\CONTADOR.X\CONTADOR.asm
           ALTA_PRIORIDAD   0x000032    program     static C:\Users\Diego\Documents\Microcontroladores\PIC\ASSEMBLER\PIC18F26K22\11_CONT_0_9999\CONTADOR.X\CONTADOR.asm
                   INICIO   0x000036    program     static C:\Users\Diego\Documents\Microcontroladores\PIC\ASSEMBLER\PIC18F26K22\11_CONT_0_9999\CONTADOR.X\CONTADOR.asm
                PRINCIPAL   0x000068    program     static C:\Users\Diego\Documents\Microcontroladores\PIC\ASSEMBLER\PIC18F26K22\11_CONT_0_9999\CONTADOR.X\CONTADOR.asm
                INC_VALOR   0x00007c    program     static C:\Users\Diego\Documents\Microcontroladores\PIC\ASSEMBLER\PIC18F26K22\11_CONT_0_9999\CONTADOR.X\CONTADOR.asm
                DEC_VALOR   0x0000b8    program     static C:\Users\Diego\Documents\Microcontroladores\PIC\ASSEMBLER\PIC18F26K22\11_CONT_0_9999\CONTADOR.X\CONTADOR.asm
          MUESTRA_DISPLAY   0x0000fc    program     static C:\Users\Diego\Documents\Microcontroladores\PIC\ASSEMBLER\PIC18F26K22\11_CONT_0_9999\CONTADOR.X\CONTADOR.asm
             TABLA_NUMERO   0x000148    program     static C:\Users\Diego\Documents\Microcontroladores\PIC\ASSEMBLER\PIC18F26K22\11_CONT_0_9999\CONTADOR.X\CONTADOR.asm
                    TABLA   0x000160    program     static C:\Users\Diego\Documents\Microcontroladores\PIC\ASSEMBLER\PIC18F26K22\11_CONT_0_9999\CONTADOR.X\CONTADOR.asm
           CONFIG_RETARDO   0x00016a    program     static C:\Users\Diego\Documents\Microcontroladores\PIC\ASSEMBLER\PIC18F26K22\11_CONT_0_9999\CONTADOR.X\RETARDOS.INC
              RET_BOTONES   0x000176    program     static C:\Users\Diego\Documents\Microcontroladores\PIC\ASSEMBLER\PIC18F26K22\11_CONT_0_9999\CONTADOR.X\RETARDOS.INC
                  RET_X1s   0x00019c    program     static C:\Users\Diego\Documents\Microcontroladores\PIC\ASSEMBLER\PIC18F26K22\11_CONT_0_9999\CONTADOR.X\RETARDOS.INC
               RET_X100ms   0x0001b0    program     static C:\Users\Diego\Documents\Microcontroladores\PIC\ASSEMBLER\PIC18F26K22\11_CONT_0_9999\CONTADOR.X\RETARDOS.INC
                RET_X10ms   0x0001c4    program     static C:\Users\Diego\Documents\Microcontroladores\PIC\ASSEMBLER\PIC18F26K22\11_CONT_0_9999\CONTADOR.X\RETARDOS.INC
                  RET_Xms   0x0001d8    program     static C:\Users\Diego\Documents\Microcontroladores\PIC\ASSEMBLER\PIC18F26K22\11_CONT_0_9999\CONTADOR.X\RETARDOS.INC
                RET_100us   0x0001ec    program     static C:\Users\Diego\Documents\Microcontroladores\PIC\ASSEMBLER\PIC18F26K22\11_CONT_0_9999\CONTADOR.X\RETARDOS.INC
                 RETARDOS   0x0001fc    program     static C:\Users\Diego\Documents\Microcontroladores\PIC\ASSEMBLER\PIC18F26K22\11_CONT_0_9999\CONTADOR.X\RETARDOS.INC
            CICLO_RETARDO   0x000206    program     static C:\Users\Diego\Documents\Microcontroladores\PIC\ASSEMBLER\PIC18F26K22\11_CONT_0_9999\CONTADOR.X\RETARDOS.INC
                 RET_10ms   0x000216    program     static C:\Users\Diego\Documents\Microcontroladores\PIC\ASSEMBLER\PIC18F26K22\11_CONT_0_9999\CONTADOR.X\RETARDOS.INC
                  RET_5ms   0x00021e    program     static C:\Users\Diego\Documents\Microcontroladores\PIC\ASSEMBLER\PIC18F26K22\11_CONT_0_9999\CONTADOR.X\RETARDOS.INC
                  RET_1ms   0x000226    program     static C:\Users\Diego\Documents\Microcontroladores\PIC\ASSEMBLER\PIC18F26K22\11_CONT_0_9999\CONTADOR.X\RETARDOS.INC
                RET_100ms   0x00022e    program     static C:\Users\Diego\Documents\Microcontroladores\PIC\ASSEMBLER\PIC18F26K22\11_CONT_0_9999\CONTADOR.X\RETARDOS.INC
                RET_500ms   0x000236    program     static C:\Users\Diego\Documents\Microcontroladores\PIC\ASSEMBLER\PIC18F26K22\11_CONT_0_9999\CONTADOR.X\RETARDOS.INC
                   RET_1s   0x00025c    program     static C:\Users\Diego\Documents\Microcontroladores\PIC\ASSEMBLER\PIC18F26K22\11_CONT_0_9999\CONTADOR.X\RETARDOS.INC


