MPLINK 5.09, LINKER
Linker Map File - Created Sun Mar 06 20:52:07 2022

                                 Section Info
                  Section       Type    Address   Location Size(Bytes)
                ---------  ---------  ---------  ---------  ---------
                   .org_0       code   0x000000    program   0x000172
                   .cinit    romdata   0x000172    program   0x000002
.config_300001_BUILD/DEFAULT/PRODUCTION/MAIN.O    romdata   0x300001    program   0x000001
.config_300002_BUILD/DEFAULT/PRODUCTION/MAIN.O    romdata   0x300002    program   0x000001
.config_300003_BUILD/DEFAULT/PRODUCTION/MAIN.O    romdata   0x300003    program   0x000001
.config_300005_BUILD/DEFAULT/PRODUCTION/MAIN.O    romdata   0x300005    program   0x000001
.config_300006_BUILD/DEFAULT/PRODUCTION/MAIN.O    romdata   0x300006    program   0x000001
.config_300008_BUILD/DEFAULT/PRODUCTION/MAIN.O    romdata   0x300008    program   0x000001
.config_300009_BUILD/DEFAULT/PRODUCTION/MAIN.O    romdata   0x300009    program   0x000001
.config_30000A_BUILD/DEFAULT/PRODUCTION/MAIN.O    romdata   0x30000a    program   0x000001
.config_30000B_BUILD/DEFAULT/PRODUCTION/MAIN.O    romdata   0x30000b    program   0x000001
.config_30000C_BUILD/DEFAULT/PRODUCTION/MAIN.O    romdata   0x30000c    program   0x000001
.config_30000D_BUILD/DEFAULT/PRODUCTION/MAIN.O    romdata   0x30000d    program   0x000001



                              Program Memory Usage 
                               Start         End      
                           ---------   ---------      
                            0x000000    0x000173      
                            0x300001    0x300003      
                            0x300005    0x300006      
                            0x300008    0x30000d      
            383 out of 66584 program addresses used, program memory utilization is 0%



                              Symbols - Sorted by Name
                     Name    Address   Location    Storage File                     
                ---------  ---------  ---------  --------- ---------                
               ADC_CONFIG   0x000066    program     static D:\Archivos\Programacion\Microcontroladores\PIC\ASSEMBLER\MPASM\PIC18F26K22\24_PWM_ADC\PWM_ADC.X\main.asm
           ADC_CONVERSION   0x00006e    program     static D:\Archivos\Programacion\Microcontroladores\PIC\ASSEMBLER\MPASM\PIC18F26K22\24_PWM_ADC\PWM_ADC.X\main.asm
            BUCLE_RETARDO   0x000166    program     static D:\Archivos\Programacion\Microcontroladores\PIC\ASSEMBLER\MPASM\PIC18F26K22\24_PWM_ADC\PWM_ADC.X\MY_RETARDOS.inc
                   INICIO   0x000004    program     static D:\Archivos\Programacion\Microcontroladores\PIC\ASSEMBLER\MPASM\PIC18F26K22\24_PWM_ADC\PWM_ADC.X\main.asm
                PRINCIPAL   0x00004e    program     static D:\Archivos\Programacion\Microcontroladores\PIC\ASSEMBLER\MPASM\PIC18F26K22\24_PWM_ADC\PWM_ADC.X\main.asm
                RET_100MS   0x0000b6    program     static D:\Archivos\Programacion\Microcontroladores\PIC\ASSEMBLER\MPASM\PIC18F26K22\24_PWM_ADC\PWM_ADC.X\MY_RETARDOS.inc
                 RET_10MS   0x0000de    program     static D:\Archivos\Programacion\Microcontroladores\PIC\ASSEMBLER\MPASM\PIC18F26K22\24_PWM_ADC\PWM_ADC.X\MY_RETARDOS.inc
                 RET_16MS   0x000116    program     static D:\Archivos\Programacion\Microcontroladores\PIC\ASSEMBLER\MPASM\PIC18F26K22\24_PWM_ADC\PWM_ADC.X\MY_RETARDOS.inc
                 RET_18MS   0x000152    program     static D:\Archivos\Programacion\Microcontroladores\PIC\ASSEMBLER\MPASM\PIC18F26K22\24_PWM_ADC\PWM_ADC.X\MY_RETARDOS.inc
                  RET_1MS   0x0000f2    program     static D:\Archivos\Programacion\Microcontroladores\PIC\ASSEMBLER\MPASM\PIC18F26K22\24_PWM_ADC\PWM_ADC.X\MY_RETARDOS.inc
                   RET_1S   0x00008e    program     static D:\Archivos\Programacion\Microcontroladores\PIC\ASSEMBLER\MPASM\PIC18F26K22\24_PWM_ADC\PWM_ADC.X\MY_RETARDOS.inc
                RET_250US   0x00013e    program     static D:\Archivos\Programacion\Microcontroladores\PIC\ASSEMBLER\MPASM\PIC18F26K22\24_PWM_ADC\PWM_ADC.X\MY_RETARDOS.inc
                RET_500MS   0x0000a2    program     static D:\Archivos\Programacion\Microcontroladores\PIC\ASSEMBLER\MPASM\PIC18F26K22\24_PWM_ADC\PWM_ADC.X\MY_RETARDOS.inc
                RET_500US   0x00012a    program     static D:\Archivos\Programacion\Microcontroladores\PIC\ASSEMBLER\MPASM\PIC18F26K22\24_PWM_ADC\PWM_ADC.X\MY_RETARDOS.inc
                 RET_50MS   0x0000ca    program     static D:\Archivos\Programacion\Microcontroladores\PIC\ASSEMBLER\MPASM\PIC18F26K22\24_PWM_ADC\PWM_ADC.X\MY_RETARDOS.inc
                  RET_5MS   0x000102    program     static D:\Archivos\Programacion\Microcontroladores\PIC\ASSEMBLER\MPASM\PIC18F26K22\24_PWM_ADC\PWM_ADC.X\MY_RETARDOS.inc
                RET_SERVO   0x00007a    program     static D:\Archivos\Programacion\Microcontroladores\PIC\ASSEMBLER\MPASM\PIC18F26K22\24_PWM_ADC\PWM_ADC.X\MY_RETARDOS.inc



                              Symbols - Sorted by Address
                     Name    Address   Location    Storage File                     
                ---------  ---------  ---------  --------- ---------                
                   INICIO   0x000004    program     static D:\Archivos\Programacion\Microcontroladores\PIC\ASSEMBLER\MPASM\PIC18F26K22\24_PWM_ADC\PWM_ADC.X\main.asm
                PRINCIPAL   0x00004e    program     static D:\Archivos\Programacion\Microcontroladores\PIC\ASSEMBLER\MPASM\PIC18F26K22\24_PWM_ADC\PWM_ADC.X\main.asm
               ADC_CONFIG   0x000066    program     static D:\Archivos\Programacion\Microcontroladores\PIC\ASSEMBLER\MPASM\PIC18F26K22\24_PWM_ADC\PWM_ADC.X\main.asm
           ADC_CONVERSION   0x00006e    program     static D:\Archivos\Programacion\Microcontroladores\PIC\ASSEMBLER\MPASM\PIC18F26K22\24_PWM_ADC\PWM_ADC.X\main.asm
                RET_SERVO   0x00007a    program     static D:\Archivos\Programacion\Microcontroladores\PIC\ASSEMBLER\MPASM\PIC18F26K22\24_PWM_ADC\PWM_ADC.X\MY_RETARDOS.inc
                   RET_1S   0x00008e    program     static D:\Archivos\Programacion\Microcontroladores\PIC\ASSEMBLER\MPASM\PIC18F26K22\24_PWM_ADC\PWM_ADC.X\MY_RETARDOS.inc
                RET_500MS   0x0000a2    program     static D:\Archivos\Programacion\Microcontroladores\PIC\ASSEMBLER\MPASM\PIC18F26K22\24_PWM_ADC\PWM_ADC.X\MY_RETARDOS.inc
                RET_100MS   0x0000b6    program     static D:\Archivos\Programacion\Microcontroladores\PIC\ASSEMBLER\MPASM\PIC18F26K22\24_PWM_ADC\PWM_ADC.X\MY_RETARDOS.inc
                 RET_50MS   0x0000ca    program     static D:\Archivos\Programacion\Microcontroladores\PIC\ASSEMBLER\MPASM\PIC18F26K22\24_PWM_ADC\PWM_ADC.X\MY_RETARDOS.inc
                 RET_10MS   0x0000de    program     static D:\Archivos\Programacion\Microcontroladores\PIC\ASSEMBLER\MPASM\PIC18F26K22\24_PWM_ADC\PWM_ADC.X\MY_RETARDOS.inc
                  RET_1MS   0x0000f2    program     static D:\Archivos\Programacion\Microcontroladores\PIC\ASSEMBLER\MPASM\PIC18F26K22\24_PWM_ADC\PWM_ADC.X\MY_RETARDOS.inc
                  RET_5MS   0x000102    program     static D:\Archivos\Programacion\Microcontroladores\PIC\ASSEMBLER\MPASM\PIC18F26K22\24_PWM_ADC\PWM_ADC.X\MY_RETARDOS.inc
                 RET_16MS   0x000116    program     static D:\Archivos\Programacion\Microcontroladores\PIC\ASSEMBLER\MPASM\PIC18F26K22\24_PWM_ADC\PWM_ADC.X\MY_RETARDOS.inc
                RET_500US   0x00012a    program     static D:\Archivos\Programacion\Microcontroladores\PIC\ASSEMBLER\MPASM\PIC18F26K22\24_PWM_ADC\PWM_ADC.X\MY_RETARDOS.inc
                RET_250US   0x00013e    program     static D:\Archivos\Programacion\Microcontroladores\PIC\ASSEMBLER\MPASM\PIC18F26K22\24_PWM_ADC\PWM_ADC.X\MY_RETARDOS.inc
                 RET_18MS   0x000152    program     static D:\Archivos\Programacion\Microcontroladores\PIC\ASSEMBLER\MPASM\PIC18F26K22\24_PWM_ADC\PWM_ADC.X\MY_RETARDOS.inc
            BUCLE_RETARDO   0x000166    program     static D:\Archivos\Programacion\Microcontroladores\PIC\ASSEMBLER\MPASM\PIC18F26K22\24_PWM_ADC\PWM_ADC.X\MY_RETARDOS.inc


