MPLINK 5.09, LINKER
Linker Map File - Created Sun Feb 27 17:31:50 2022

                                 Section Info
                  Section       Type    Address   Location Size(Bytes)
                ---------  ---------  ---------  ---------  ---------
                   .org_0       code   0x000000    program   0x000004
                   .cinit    romdata   0x000004    program   0x000002
                   .org_1       code   0x000008    program   0x000004
                   .org_2       code   0x000018    program   0x0001d2
.config_300001_BUILD/DEFAULT/PRODUCTION/MAIN.O    romdata   0x300001    program   0x000001
.config_300002_BUILD/DEFAULT/PRODUCTION/MAIN.O    romdata   0x300002    program   0x000001
.config_300003_BUILD/DEFAULT/PRODUCTION/MAIN.O    romdata   0x300003    program   0x000001
.config_300005_BUILD/DEFAULT/PRODUCTION/MAIN.O    romdata   0x300005    program   0x000001
.config_300006_BUILD/DEFAULT/PRODUCTION/MAIN.O    romdata   0x300006    program   0x000001
.config_300008_BUILD/DEFAULT/PRODUCTION/MAIN.O    romdata   0x300008    program   0x000001
.config_300009_BUILD/DEFAULT/PRODUCTION/MAIN.O    romdata   0x300009    program   0x000001
.config_30000A_BUILD/DEFAULT/PRODUCTION/MAIN.O    romdata   0x30000a    program   0x000001
.config_30000B_BUILD/DEFAULT/PRODUCTION/MAIN.O    romdata   0x30000b    program   0x000001
.config_30000C_BUILD/DEFAULT/PRODUCTION/MAIN.O    romdata   0x30000c    program   0x000001
.config_30000D_BUILD/DEFAULT/PRODUCTION/MAIN.O    romdata   0x30000d    program   0x000001



                              Program Memory Usage 
                               Start         End      
                           ---------   ---------      
                            0x000000    0x000005      
                            0x000008    0x00000b      
                            0x000018    0x0001e9      
                            0x300001    0x300003      
                            0x300005    0x300006      
                            0x300008    0x30000d      
            487 out of 66584 program addresses used, program memory utilization is 0%



                              Symbols - Sorted by Name
                     Name    Address   Location    Storage File                     
                ---------  ---------  ---------  --------- ---------                
           ALTA_PRIORIDAD   0x000032    program     static D:\Archivos\Programacion\Microcontroladores\PIC\ASSEMBLER\MPASM\PIC18F26K22\16_SERVO_BUTTONS\SERVO_BUTTONS.X\main.asm
           BAJA_PRIORIDAD   0x00001c    program     static D:\Archivos\Programacion\Microcontroladores\PIC\ASSEMBLER\MPASM\PIC18F26K22\16_SERVO_BUTTONS\SERVO_BUTTONS.X\main.asm
            BUCLE_RETARDO   0x0001de    program     static D:\Archivos\Programacion\Microcontroladores\PIC\ASSEMBLER\MPASM\PIC18F26K22\16_SERVO_BUTTONS\SERVO_BUTTONS.X\main.asm
       COMPLEMENTO_SERVO1   0x000092    program     static D:\Archivos\Programacion\Microcontroladores\PIC\ASSEMBLER\MPASM\PIC18F26K22\16_SERVO_BUTTONS\SERVO_BUTTONS.X\main.asm
                 DEC_POS1   0x0000be    program     static D:\Archivos\Programacion\Microcontroladores\PIC\ASSEMBLER\MPASM\PIC18F26K22\16_SERVO_BUTTONS\SERVO_BUTTONS.X\main.asm
           EJECUTA_SERVO1   0x00006e    program     static D:\Archivos\Programacion\Microcontroladores\PIC\ASSEMBLER\MPASM\PIC18F26K22\16_SERVO_BUTTONS\SERVO_BUTTONS.X\main.asm
                FIN_INTER   0x000026    program     static D:\Archivos\Programacion\Microcontroladores\PIC\ASSEMBLER\MPASM\PIC18F26K22\16_SERVO_BUTTONS\SERVO_BUTTONS.X\main.asm
                 INC_POS1   0x0000aa    program     static D:\Archivos\Programacion\Microcontroladores\PIC\ASSEMBLER\MPASM\PIC18F26K22\16_SERVO_BUTTONS\SERVO_BUTTONS.X\main.asm
                   INICIO   0x000036    program     static D:\Archivos\Programacion\Microcontroladores\PIC\ASSEMBLER\MPASM\PIC18F26K22\16_SERVO_BUTTONS\SERVO_BUTTONS.X\main.asm
        MOVIMIENTO_SERVO1   0x000078    program     static D:\Archivos\Programacion\Microcontroladores\PIC\ASSEMBLER\MPASM\PIC18F26K22\16_SERVO_BUTTONS\SERVO_BUTTONS.X\main.asm
                PRINCIPAL   0x000062    program     static D:\Archivos\Programacion\Microcontroladores\PIC\ASSEMBLER\MPASM\PIC18F26K22\16_SERVO_BUTTONS\SERVO_BUTTONS.X\main.asm
                RET_100MS   0x000142    program     static D:\Archivos\Programacion\Microcontroladores\PIC\ASSEMBLER\MPASM\PIC18F26K22\16_SERVO_BUTTONS\SERVO_BUTTONS.X\main.asm
                 RET_10MS   0x00016a    program     static D:\Archivos\Programacion\Microcontroladores\PIC\ASSEMBLER\MPASM\PIC18F26K22\16_SERVO_BUTTONS\SERVO_BUTTONS.X\main.asm
                 RET_18MS   0x0001ca    program     static D:\Archivos\Programacion\Microcontroladores\PIC\ASSEMBLER\MPASM\PIC18F26K22\16_SERVO_BUTTONS\SERVO_BUTTONS.X\main.asm
                  RET_1MS   0x00017e    program     static D:\Archivos\Programacion\Microcontroladores\PIC\ASSEMBLER\MPASM\PIC18F26K22\16_SERVO_BUTTONS\SERVO_BUTTONS.X\main.asm
                RET_250US   0x0001b6    program     static D:\Archivos\Programacion\Microcontroladores\PIC\ASSEMBLER\MPASM\PIC18F26K22\16_SERVO_BUTTONS\SERVO_BUTTONS.X\main.asm
                RET_500US   0x0001a2    program     static D:\Archivos\Programacion\Microcontroladores\PIC\ASSEMBLER\MPASM\PIC18F26K22\16_SERVO_BUTTONS\SERVO_BUTTONS.X\main.asm
                 RET_50MS   0x000156    program     static D:\Archivos\Programacion\Microcontroladores\PIC\ASSEMBLER\MPASM\PIC18F26K22\16_SERVO_BUTTONS\SERVO_BUTTONS.X\main.asm
                  RET_5MS   0x00018e    program     static D:\Archivos\Programacion\Microcontroladores\PIC\ASSEMBLER\MPASM\PIC18F26K22\16_SERVO_BUTTONS\SERVO_BUTTONS.X\main.asm
                  RET_NOP   0x0000d2    program     static D:\Archivos\Programacion\Microcontroladores\PIC\ASSEMBLER\MPASM\PIC18F26K22\16_SERVO_BUTTONS\SERVO_BUTTONS.X\main.asm
                RET_SERVO   0x00012e    program     static D:\Archivos\Programacion\Microcontroladores\PIC\ASSEMBLER\MPASM\PIC18F26K22\16_SERVO_BUTTONS\SERVO_BUTTONS.X\main.asm
                  SERVO_0   0x0000d4    program     static D:\Archivos\Programacion\Microcontroladores\PIC\ASSEMBLER\MPASM\PIC18F26K22\16_SERVO_BUTTONS\SERVO_BUTTONS.X\main.asm
                SERVO_135   0x00010a    program     static D:\Archivos\Programacion\Microcontroladores\PIC\ASSEMBLER\MPASM\PIC18F26K22\16_SERVO_BUTTONS\SERVO_BUTTONS.X\main.asm
                SERVO_180   0x000120    program     static D:\Archivos\Programacion\Microcontroladores\PIC\ASSEMBLER\MPASM\PIC18F26K22\16_SERVO_BUTTONS\SERVO_BUTTONS.X\main.asm
                 SERVO_45   0x0000e2    program     static D:\Archivos\Programacion\Microcontroladores\PIC\ASSEMBLER\MPASM\PIC18F26K22\16_SERVO_BUTTONS\SERVO_BUTTONS.X\main.asm
                 SERVO_90   0x0000f8    program     static D:\Archivos\Programacion\Microcontroladores\PIC\ASSEMBLER\MPASM\PIC18F26K22\16_SERVO_BUTTONS\SERVO_BUTTONS.X\main.asm



                              Symbols - Sorted by Address
                     Name    Address   Location    Storage File                     
                ---------  ---------  ---------  --------- ---------                
           BAJA_PRIORIDAD   0x00001c    program     static D:\Archivos\Programacion\Microcontroladores\PIC\ASSEMBLER\MPASM\PIC18F26K22\16_SERVO_BUTTONS\SERVO_BUTTONS.X\main.asm
                FIN_INTER   0x000026    program     static D:\Archivos\Programacion\Microcontroladores\PIC\ASSEMBLER\MPASM\PIC18F26K22\16_SERVO_BUTTONS\SERVO_BUTTONS.X\main.asm
           ALTA_PRIORIDAD   0x000032    program     static D:\Archivos\Programacion\Microcontroladores\PIC\ASSEMBLER\MPASM\PIC18F26K22\16_SERVO_BUTTONS\SERVO_BUTTONS.X\main.asm
                   INICIO   0x000036    program     static D:\Archivos\Programacion\Microcontroladores\PIC\ASSEMBLER\MPASM\PIC18F26K22\16_SERVO_BUTTONS\SERVO_BUTTONS.X\main.asm
                PRINCIPAL   0x000062    program     static D:\Archivos\Programacion\Microcontroladores\PIC\ASSEMBLER\MPASM\PIC18F26K22\16_SERVO_BUTTONS\SERVO_BUTTONS.X\main.asm
           EJECUTA_SERVO1   0x00006e    program     static D:\Archivos\Programacion\Microcontroladores\PIC\ASSEMBLER\MPASM\PIC18F26K22\16_SERVO_BUTTONS\SERVO_BUTTONS.X\main.asm
        MOVIMIENTO_SERVO1   0x000078    program     static D:\Archivos\Programacion\Microcontroladores\PIC\ASSEMBLER\MPASM\PIC18F26K22\16_SERVO_BUTTONS\SERVO_BUTTONS.X\main.asm
       COMPLEMENTO_SERVO1   0x000092    program     static D:\Archivos\Programacion\Microcontroladores\PIC\ASSEMBLER\MPASM\PIC18F26K22\16_SERVO_BUTTONS\SERVO_BUTTONS.X\main.asm
                 INC_POS1   0x0000aa    program     static D:\Archivos\Programacion\Microcontroladores\PIC\ASSEMBLER\MPASM\PIC18F26K22\16_SERVO_BUTTONS\SERVO_BUTTONS.X\main.asm
                 DEC_POS1   0x0000be    program     static D:\Archivos\Programacion\Microcontroladores\PIC\ASSEMBLER\MPASM\PIC18F26K22\16_SERVO_BUTTONS\SERVO_BUTTONS.X\main.asm
                  RET_NOP   0x0000d2    program     static D:\Archivos\Programacion\Microcontroladores\PIC\ASSEMBLER\MPASM\PIC18F26K22\16_SERVO_BUTTONS\SERVO_BUTTONS.X\main.asm
                  SERVO_0   0x0000d4    program     static D:\Archivos\Programacion\Microcontroladores\PIC\ASSEMBLER\MPASM\PIC18F26K22\16_SERVO_BUTTONS\SERVO_BUTTONS.X\main.asm
                 SERVO_45   0x0000e2    program     static D:\Archivos\Programacion\Microcontroladores\PIC\ASSEMBLER\MPASM\PIC18F26K22\16_SERVO_BUTTONS\SERVO_BUTTONS.X\main.asm
                 SERVO_90   0x0000f8    program     static D:\Archivos\Programacion\Microcontroladores\PIC\ASSEMBLER\MPASM\PIC18F26K22\16_SERVO_BUTTONS\SERVO_BUTTONS.X\main.asm
                SERVO_135   0x00010a    program     static D:\Archivos\Programacion\Microcontroladores\PIC\ASSEMBLER\MPASM\PIC18F26K22\16_SERVO_BUTTONS\SERVO_BUTTONS.X\main.asm
                SERVO_180   0x000120    program     static D:\Archivos\Programacion\Microcontroladores\PIC\ASSEMBLER\MPASM\PIC18F26K22\16_SERVO_BUTTONS\SERVO_BUTTONS.X\main.asm
                RET_SERVO   0x00012e    program     static D:\Archivos\Programacion\Microcontroladores\PIC\ASSEMBLER\MPASM\PIC18F26K22\16_SERVO_BUTTONS\SERVO_BUTTONS.X\main.asm
                RET_100MS   0x000142    program     static D:\Archivos\Programacion\Microcontroladores\PIC\ASSEMBLER\MPASM\PIC18F26K22\16_SERVO_BUTTONS\SERVO_BUTTONS.X\main.asm
                 RET_50MS   0x000156    program     static D:\Archivos\Programacion\Microcontroladores\PIC\ASSEMBLER\MPASM\PIC18F26K22\16_SERVO_BUTTONS\SERVO_BUTTONS.X\main.asm
                 RET_10MS   0x00016a    program     static D:\Archivos\Programacion\Microcontroladores\PIC\ASSEMBLER\MPASM\PIC18F26K22\16_SERVO_BUTTONS\SERVO_BUTTONS.X\main.asm
                  RET_1MS   0x00017e    program     static D:\Archivos\Programacion\Microcontroladores\PIC\ASSEMBLER\MPASM\PIC18F26K22\16_SERVO_BUTTONS\SERVO_BUTTONS.X\main.asm
                  RET_5MS   0x00018e    program     static D:\Archivos\Programacion\Microcontroladores\PIC\ASSEMBLER\MPASM\PIC18F26K22\16_SERVO_BUTTONS\SERVO_BUTTONS.X\main.asm
                RET_500US   0x0001a2    program     static D:\Archivos\Programacion\Microcontroladores\PIC\ASSEMBLER\MPASM\PIC18F26K22\16_SERVO_BUTTONS\SERVO_BUTTONS.X\main.asm
                RET_250US   0x0001b6    program     static D:\Archivos\Programacion\Microcontroladores\PIC\ASSEMBLER\MPASM\PIC18F26K22\16_SERVO_BUTTONS\SERVO_BUTTONS.X\main.asm
                 RET_18MS   0x0001ca    program     static D:\Archivos\Programacion\Microcontroladores\PIC\ASSEMBLER\MPASM\PIC18F26K22\16_SERVO_BUTTONS\SERVO_BUTTONS.X\main.asm
            BUCLE_RETARDO   0x0001de    program     static D:\Archivos\Programacion\Microcontroladores\PIC\ASSEMBLER\MPASM\PIC18F26K22\16_SERVO_BUTTONS\SERVO_BUTTONS.X\main.asm


