MPLINK 5.09, LINKER
Linker Map File - Created Mon Mar 22 19:23:31 2021

                                 Section Info
                  Section       Type    Address   Location Size(Bytes)
                ---------  ---------  ---------  ---------  ---------
                   .org_0       code   0x000000    program   0x000004
                   .cinit    romdata   0x000004    program   0x000002
                   .org_1       code   0x000008    program   0x000004
                   .org_2       code   0x000018    program   0x0001d4
.config_300001_BUILD/DEFAULT/PRODUCTION/PULSADO    romdata   0x300001    program   0x000001
.config_300002_BUILD/DEFAULT/PRODUCTION/PULSADO    romdata   0x300002    program   0x000001
.config_300003_BUILD/DEFAULT/PRODUCTION/PULSADO    romdata   0x300003    program   0x000001
.config_300005_BUILD/DEFAULT/PRODUCTION/PULSADO    romdata   0x300005    program   0x000001
.config_300006_BUILD/DEFAULT/PRODUCTION/PULSADO    romdata   0x300006    program   0x000001
.config_300008_BUILD/DEFAULT/PRODUCTION/PULSADO    romdata   0x300008    program   0x000001
.config_300009_BUILD/DEFAULT/PRODUCTION/PULSADO    romdata   0x300009    program   0x000001
.config_30000A_BUILD/DEFAULT/PRODUCTION/PULSADO    romdata   0x30000a    program   0x000001
.config_30000B_BUILD/DEFAULT/PRODUCTION/PULSADO    romdata   0x30000b    program   0x000001
.config_30000C_BUILD/DEFAULT/PRODUCTION/PULSADO    romdata   0x30000c    program   0x000001
.config_30000D_BUILD/DEFAULT/PRODUCTION/PULSADO    romdata   0x30000d    program   0x000001



                              Program Memory Usage 
                               Start         End      
                           ---------   ---------      
                            0x000000    0x000005      
                            0x000008    0x00000b      
                            0x000018    0x0001eb      
                            0x300001    0x300003      
                            0x300005    0x300006      
                            0x300008    0x30000d      
            489 out of 66584 program addresses used, program memory utilization is 0%



                              Symbols - Sorted by Name
                     Name    Address   Location    Storage File                     
                ---------  ---------  ---------  --------- ---------                
           ALTA_PRIORIDAD   0x000032    program     static C:\Users\Diego\Documents\Microcontroladores\PIC\ASSEMBLER\PIC18F26K22\3_PULSADOR_CONT\PULSADOR_CONTADOR.X\PULSADOR_CONTADOR.asm
           BAJA_PRIORIDAD   0x00001c    program     static C:\Users\Diego\Documents\Microcontroladores\PIC\ASSEMBLER\PIC18F26K22\3_PULSADOR_CONT\PULSADOR_CONTADOR.X\PULSADOR_CONTADOR.asm
            CICLO_RETARDO   0x00018e    program     static C:\Users\Diego\Documents\Microcontroladores\PIC\ASSEMBLER\PIC18F26K22\3_PULSADOR_CONT\PULSADOR_CONTADOR.X\RETARDOS.INC
           CONFIG_RETARDO   0x0000f2    program     static C:\Users\Diego\Documents\Microcontroladores\PIC\ASSEMBLER\PIC18F26K22\3_PULSADOR_CONT\PULSADOR_CONTADOR.X\RETARDOS.INC
             DIGITO_CINCO   0x0000a4    program     static C:\Users\Diego\Documents\Microcontroladores\PIC\ASSEMBLER\PIC18F26K22\3_PULSADOR_CONT\PULSADOR_CONTADOR.X\PULSADOR_CONTADOR.asm
            DIGITO_CUATRO   0x000096    program     static C:\Users\Diego\Documents\Microcontroladores\PIC\ASSEMBLER\PIC18F26K22\3_PULSADOR_CONT\PULSADOR_CONTADOR.X\PULSADOR_CONTADOR.asm
               DIGITO_DOS   0x00007a    program     static C:\Users\Diego\Documents\Microcontroladores\PIC\ASSEMBLER\PIC18F26K22\3_PULSADOR_CONT\PULSADOR_CONTADOR.X\PULSADOR_CONTADOR.asm
             DIGITO_NUEVE   0x0000dc    program     static C:\Users\Diego\Documents\Microcontroladores\PIC\ASSEMBLER\PIC18F26K22\3_PULSADOR_CONT\PULSADOR_CONTADOR.X\PULSADOR_CONTADOR.asm
              DIGITO_OCHO   0x0000ce    program     static C:\Users\Diego\Documents\Microcontroladores\PIC\ASSEMBLER\PIC18F26K22\3_PULSADOR_CONT\PULSADOR_CONTADOR.X\PULSADOR_CONTADOR.asm
              DIGITO_SEIS   0x0000b2    program     static C:\Users\Diego\Documents\Microcontroladores\PIC\ASSEMBLER\PIC18F26K22\3_PULSADOR_CONT\PULSADOR_CONTADOR.X\PULSADOR_CONTADOR.asm
             DIGITO_SIETE   0x0000c0    program     static C:\Users\Diego\Documents\Microcontroladores\PIC\ASSEMBLER\PIC18F26K22\3_PULSADOR_CONT\PULSADOR_CONTADOR.X\PULSADOR_CONTADOR.asm
              DIGITO_TRES   0x000088    program     static C:\Users\Diego\Documents\Microcontroladores\PIC\ASSEMBLER\PIC18F26K22\3_PULSADOR_CONT\PULSADOR_CONTADOR.X\PULSADOR_CONTADOR.asm
               DIGITO_UNO   0x00006c    program     static C:\Users\Diego\Documents\Microcontroladores\PIC\ASSEMBLER\PIC18F26K22\3_PULSADOR_CONT\PULSADOR_CONTADOR.X\PULSADOR_CONTADOR.asm
                FIN_INTER   0x000026    program     static C:\Users\Diego\Documents\Microcontroladores\PIC\ASSEMBLER\PIC18F26K22\3_PULSADOR_CONT\PULSADOR_CONTADOR.X\PULSADOR_CONTADOR.asm
                   INICIO   0x000036    program     static C:\Users\Diego\Documents\Microcontroladores\PIC\ASSEMBLER\PIC18F26K22\3_PULSADOR_CONT\PULSADOR_CONTADOR.X\PULSADOR_CONTADOR.asm
                PRINCIPAL   0x00005a    program     static C:\Users\Diego\Documents\Microcontroladores\PIC\ASSEMBLER\PIC18F26K22\3_PULSADOR_CONT\PULSADOR_CONTADOR.X\PULSADOR_CONTADOR.asm
                 RETARDOS   0x000184    program     static C:\Users\Diego\Documents\Microcontroladores\PIC\ASSEMBLER\PIC18F26K22\3_PULSADOR_CONT\PULSADOR_CONTADOR.X\RETARDOS.INC
                RET_100ms   0x0001b6    program     static C:\Users\Diego\Documents\Microcontroladores\PIC\ASSEMBLER\PIC18F26K22\3_PULSADOR_CONT\PULSADOR_CONTADOR.X\RETARDOS.INC
                RET_100us   0x000174    program     static C:\Users\Diego\Documents\Microcontroladores\PIC\ASSEMBLER\PIC18F26K22\3_PULSADOR_CONT\PULSADOR_CONTADOR.X\RETARDOS.INC
                 RET_10ms   0x00019e    program     static C:\Users\Diego\Documents\Microcontroladores\PIC\ASSEMBLER\PIC18F26K22\3_PULSADOR_CONT\PULSADOR_CONTADOR.X\RETARDOS.INC
                  RET_1ms   0x0001ae    program     static C:\Users\Diego\Documents\Microcontroladores\PIC\ASSEMBLER\PIC18F26K22\3_PULSADOR_CONT\PULSADOR_CONTADOR.X\RETARDOS.INC
                   RET_1s   0x0001e4    program     static C:\Users\Diego\Documents\Microcontroladores\PIC\ASSEMBLER\PIC18F26K22\3_PULSADOR_CONT\PULSADOR_CONTADOR.X\RETARDOS.INC
                RET_500ms   0x0001be    program     static C:\Users\Diego\Documents\Microcontroladores\PIC\ASSEMBLER\PIC18F26K22\3_PULSADOR_CONT\PULSADOR_CONTADOR.X\RETARDOS.INC
                  RET_5ms   0x0001a6    program     static C:\Users\Diego\Documents\Microcontroladores\PIC\ASSEMBLER\PIC18F26K22\3_PULSADOR_CONT\PULSADOR_CONTADOR.X\RETARDOS.INC
              RET_BOTONES   0x0000fe    program     static C:\Users\Diego\Documents\Microcontroladores\PIC\ASSEMBLER\PIC18F26K22\3_PULSADOR_CONT\PULSADOR_CONTADOR.X\RETARDOS.INC
               RET_X100ms   0x000138    program     static C:\Users\Diego\Documents\Microcontroladores\PIC\ASSEMBLER\PIC18F26K22\3_PULSADOR_CONT\PULSADOR_CONTADOR.X\RETARDOS.INC
                RET_X10ms   0x00014c    program     static C:\Users\Diego\Documents\Microcontroladores\PIC\ASSEMBLER\PIC18F26K22\3_PULSADOR_CONT\PULSADOR_CONTADOR.X\RETARDOS.INC
                  RET_X1s   0x000124    program     static C:\Users\Diego\Documents\Microcontroladores\PIC\ASSEMBLER\PIC18F26K22\3_PULSADOR_CONT\PULSADOR_CONTADOR.X\RETARDOS.INC
                  RET_Xms   0x000160    program     static C:\Users\Diego\Documents\Microcontroladores\PIC\ASSEMBLER\PIC18F26K22\3_PULSADOR_CONT\PULSADOR_CONTADOR.X\RETARDOS.INC



                              Symbols - Sorted by Address
                     Name    Address   Location    Storage File                     
                ---------  ---------  ---------  --------- ---------                
           BAJA_PRIORIDAD   0x00001c    program     static C:\Users\Diego\Documents\Microcontroladores\PIC\ASSEMBLER\PIC18F26K22\3_PULSADOR_CONT\PULSADOR_CONTADOR.X\PULSADOR_CONTADOR.asm
                FIN_INTER   0x000026    program     static C:\Users\Diego\Documents\Microcontroladores\PIC\ASSEMBLER\PIC18F26K22\3_PULSADOR_CONT\PULSADOR_CONTADOR.X\PULSADOR_CONTADOR.asm
           ALTA_PRIORIDAD   0x000032    program     static C:\Users\Diego\Documents\Microcontroladores\PIC\ASSEMBLER\PIC18F26K22\3_PULSADOR_CONT\PULSADOR_CONTADOR.X\PULSADOR_CONTADOR.asm
                   INICIO   0x000036    program     static C:\Users\Diego\Documents\Microcontroladores\PIC\ASSEMBLER\PIC18F26K22\3_PULSADOR_CONT\PULSADOR_CONTADOR.X\PULSADOR_CONTADOR.asm
                PRINCIPAL   0x00005a    program     static C:\Users\Diego\Documents\Microcontroladores\PIC\ASSEMBLER\PIC18F26K22\3_PULSADOR_CONT\PULSADOR_CONTADOR.X\PULSADOR_CONTADOR.asm
               DIGITO_UNO   0x00006c    program     static C:\Users\Diego\Documents\Microcontroladores\PIC\ASSEMBLER\PIC18F26K22\3_PULSADOR_CONT\PULSADOR_CONTADOR.X\PULSADOR_CONTADOR.asm
               DIGITO_DOS   0x00007a    program     static C:\Users\Diego\Documents\Microcontroladores\PIC\ASSEMBLER\PIC18F26K22\3_PULSADOR_CONT\PULSADOR_CONTADOR.X\PULSADOR_CONTADOR.asm
              DIGITO_TRES   0x000088    program     static C:\Users\Diego\Documents\Microcontroladores\PIC\ASSEMBLER\PIC18F26K22\3_PULSADOR_CONT\PULSADOR_CONTADOR.X\PULSADOR_CONTADOR.asm
            DIGITO_CUATRO   0x000096    program     static C:\Users\Diego\Documents\Microcontroladores\PIC\ASSEMBLER\PIC18F26K22\3_PULSADOR_CONT\PULSADOR_CONTADOR.X\PULSADOR_CONTADOR.asm
             DIGITO_CINCO   0x0000a4    program     static C:\Users\Diego\Documents\Microcontroladores\PIC\ASSEMBLER\PIC18F26K22\3_PULSADOR_CONT\PULSADOR_CONTADOR.X\PULSADOR_CONTADOR.asm
              DIGITO_SEIS   0x0000b2    program     static C:\Users\Diego\Documents\Microcontroladores\PIC\ASSEMBLER\PIC18F26K22\3_PULSADOR_CONT\PULSADOR_CONTADOR.X\PULSADOR_CONTADOR.asm
             DIGITO_SIETE   0x0000c0    program     static C:\Users\Diego\Documents\Microcontroladores\PIC\ASSEMBLER\PIC18F26K22\3_PULSADOR_CONT\PULSADOR_CONTADOR.X\PULSADOR_CONTADOR.asm
              DIGITO_OCHO   0x0000ce    program     static C:\Users\Diego\Documents\Microcontroladores\PIC\ASSEMBLER\PIC18F26K22\3_PULSADOR_CONT\PULSADOR_CONTADOR.X\PULSADOR_CONTADOR.asm
             DIGITO_NUEVE   0x0000dc    program     static C:\Users\Diego\Documents\Microcontroladores\PIC\ASSEMBLER\PIC18F26K22\3_PULSADOR_CONT\PULSADOR_CONTADOR.X\PULSADOR_CONTADOR.asm
           CONFIG_RETARDO   0x0000f2    program     static C:\Users\Diego\Documents\Microcontroladores\PIC\ASSEMBLER\PIC18F26K22\3_PULSADOR_CONT\PULSADOR_CONTADOR.X\RETARDOS.INC
              RET_BOTONES   0x0000fe    program     static C:\Users\Diego\Documents\Microcontroladores\PIC\ASSEMBLER\PIC18F26K22\3_PULSADOR_CONT\PULSADOR_CONTADOR.X\RETARDOS.INC
                  RET_X1s   0x000124    program     static C:\Users\Diego\Documents\Microcontroladores\PIC\ASSEMBLER\PIC18F26K22\3_PULSADOR_CONT\PULSADOR_CONTADOR.X\RETARDOS.INC
               RET_X100ms   0x000138    program     static C:\Users\Diego\Documents\Microcontroladores\PIC\ASSEMBLER\PIC18F26K22\3_PULSADOR_CONT\PULSADOR_CONTADOR.X\RETARDOS.INC
                RET_X10ms   0x00014c    program     static C:\Users\Diego\Documents\Microcontroladores\PIC\ASSEMBLER\PIC18F26K22\3_PULSADOR_CONT\PULSADOR_CONTADOR.X\RETARDOS.INC
                  RET_Xms   0x000160    program     static C:\Users\Diego\Documents\Microcontroladores\PIC\ASSEMBLER\PIC18F26K22\3_PULSADOR_CONT\PULSADOR_CONTADOR.X\RETARDOS.INC
                RET_100us   0x000174    program     static C:\Users\Diego\Documents\Microcontroladores\PIC\ASSEMBLER\PIC18F26K22\3_PULSADOR_CONT\PULSADOR_CONTADOR.X\RETARDOS.INC
                 RETARDOS   0x000184    program     static C:\Users\Diego\Documents\Microcontroladores\PIC\ASSEMBLER\PIC18F26K22\3_PULSADOR_CONT\PULSADOR_CONTADOR.X\RETARDOS.INC
            CICLO_RETARDO   0x00018e    program     static C:\Users\Diego\Documents\Microcontroladores\PIC\ASSEMBLER\PIC18F26K22\3_PULSADOR_CONT\PULSADOR_CONTADOR.X\RETARDOS.INC
                 RET_10ms   0x00019e    program     static C:\Users\Diego\Documents\Microcontroladores\PIC\ASSEMBLER\PIC18F26K22\3_PULSADOR_CONT\PULSADOR_CONTADOR.X\RETARDOS.INC
                  RET_5ms   0x0001a6    program     static C:\Users\Diego\Documents\Microcontroladores\PIC\ASSEMBLER\PIC18F26K22\3_PULSADOR_CONT\PULSADOR_CONTADOR.X\RETARDOS.INC
                  RET_1ms   0x0001ae    program     static C:\Users\Diego\Documents\Microcontroladores\PIC\ASSEMBLER\PIC18F26K22\3_PULSADOR_CONT\PULSADOR_CONTADOR.X\RETARDOS.INC
                RET_100ms   0x0001b6    program     static C:\Users\Diego\Documents\Microcontroladores\PIC\ASSEMBLER\PIC18F26K22\3_PULSADOR_CONT\PULSADOR_CONTADOR.X\RETARDOS.INC
                RET_500ms   0x0001be    program     static C:\Users\Diego\Documents\Microcontroladores\PIC\ASSEMBLER\PIC18F26K22\3_PULSADOR_CONT\PULSADOR_CONTADOR.X\RETARDOS.INC
                   RET_1s   0x0001e4    program     static C:\Users\Diego\Documents\Microcontroladores\PIC\ASSEMBLER\PIC18F26K22\3_PULSADOR_CONT\PULSADOR_CONTADOR.X\RETARDOS.INC


