MPLINK 5.09, LINKER
Linker Map File - Created Thu Mar 25 20:22:47 2021

                                 Section Info
                  Section       Type    Address   Location Size(Bytes)
                ---------  ---------  ---------  ---------  ---------
                   .org_0       code   0x000000    program   0x000004
                   .cinit    romdata   0x000004    program   0x000002
                   .org_1       code   0x000008    program   0x000004
                   .org_2       code   0x000018    program   0x0001be
.config_300001_BUILD/DEFAULT/PRODUCTION/ADC_DIS    romdata   0x300001    program   0x000001
.config_300002_BUILD/DEFAULT/PRODUCTION/ADC_DIS    romdata   0x300002    program   0x000001
.config_300003_BUILD/DEFAULT/PRODUCTION/ADC_DIS    romdata   0x300003    program   0x000001
.config_300005_BUILD/DEFAULT/PRODUCTION/ADC_DIS    romdata   0x300005    program   0x000001
.config_300006_BUILD/DEFAULT/PRODUCTION/ADC_DIS    romdata   0x300006    program   0x000001
.config_300008_BUILD/DEFAULT/PRODUCTION/ADC_DIS    romdata   0x300008    program   0x000001
.config_300009_BUILD/DEFAULT/PRODUCTION/ADC_DIS    romdata   0x300009    program   0x000001
.config_30000A_BUILD/DEFAULT/PRODUCTION/ADC_DIS    romdata   0x30000a    program   0x000001
.config_30000B_BUILD/DEFAULT/PRODUCTION/ADC_DIS    romdata   0x30000b    program   0x000001
.config_30000C_BUILD/DEFAULT/PRODUCTION/ADC_DIS    romdata   0x30000c    program   0x000001
.config_30000D_BUILD/DEFAULT/PRODUCTION/ADC_DIS    romdata   0x30000d    program   0x000001



                              Program Memory Usage 
                               Start         End      
                           ---------   ---------      
                            0x000000    0x000005      
                            0x000008    0x00000b      
                            0x000018    0x0001d5      
                            0x300001    0x300003      
                            0x300005    0x300006      
                            0x300008    0x30000d      
            467 out of 66584 program addresses used, program memory utilization is 0%



                              Symbols - Sorted by Name
                     Name    Address   Location    Storage File                     
                ---------  ---------  ---------  --------- ---------                
               ADC_CONFIG   0x00008a    program     static C:\Users\Diego\Documents\Microcontroladores\PIC\ASSEMBLER\PIC18F26K22\13_ADC_DISPLAY\ADC_DISPLAY.X\ADC_DISPLAY.asm
           ADC_CONVERSION   0x000092    program     static C:\Users\Diego\Documents\Microcontroladores\PIC\ASSEMBLER\PIC18F26K22\13_ADC_DISPLAY\ADC_DISPLAY.X\ADC_DISPLAY.asm
           ALTA_PRIORIDAD   0x000032    program     static C:\Users\Diego\Documents\Microcontroladores\PIC\ASSEMBLER\PIC18F26K22\13_ADC_DISPLAY\ADC_DISPLAY.X\ADC_DISPLAY.asm
           BAJA_PRIORIDAD   0x00001c    program     static C:\Users\Diego\Documents\Microcontroladores\PIC\ASSEMBLER\PIC18F26K22\13_ADC_DISPLAY\ADC_DISPLAY.X\ADC_DISPLAY.asm
            CICLO_RETARDO   0x000178    program     static C:\Users\Diego\Documents\Microcontroladores\PIC\ASSEMBLER\PIC18F26K22\13_ADC_DISPLAY\ADC_DISPLAY.X\RETARDOS.INC
           CONFIG_RETARDO   0x0000dc    program     static C:\Users\Diego\Documents\Microcontroladores\PIC\ASSEMBLER\PIC18F26K22\13_ADC_DISPLAY\ADC_DISPLAY.X\RETARDOS.INC
           CONVERSION_BCD   0x0000a2    program     static C:\Users\Diego\Documents\Microcontroladores\PIC\ASSEMBLER\PIC18F26K22\13_ADC_DISPLAY\ADC_DISPLAY.X\ADC_DISPLAY.asm
                FIN_INTER   0x000026    program     static C:\Users\Diego\Documents\Microcontroladores\PIC\ASSEMBLER\PIC18F26K22\13_ADC_DISPLAY\ADC_DISPLAY.X\ADC_DISPLAY.asm
                   INICIO   0x000036    program     static C:\Users\Diego\Documents\Microcontroladores\PIC\ASSEMBLER\PIC18F26K22\13_ADC_DISPLAY\ADC_DISPLAY.X\ADC_DISPLAY.asm
                     LOOP   0x000068    program     static C:\Users\Diego\Documents\Microcontroladores\PIC\ASSEMBLER\PIC18F26K22\13_ADC_DISPLAY\ADC_DISPLAY.X\ADC_DISPLAY.asm
                 RETARDOS   0x00016e    program     static C:\Users\Diego\Documents\Microcontroladores\PIC\ASSEMBLER\PIC18F26K22\13_ADC_DISPLAY\ADC_DISPLAY.X\RETARDOS.INC
                RET_100ms   0x0001a0    program     static C:\Users\Diego\Documents\Microcontroladores\PIC\ASSEMBLER\PIC18F26K22\13_ADC_DISPLAY\ADC_DISPLAY.X\RETARDOS.INC
                RET_100us   0x00015e    program     static C:\Users\Diego\Documents\Microcontroladores\PIC\ASSEMBLER\PIC18F26K22\13_ADC_DISPLAY\ADC_DISPLAY.X\RETARDOS.INC
                 RET_10ms   0x000188    program     static C:\Users\Diego\Documents\Microcontroladores\PIC\ASSEMBLER\PIC18F26K22\13_ADC_DISPLAY\ADC_DISPLAY.X\RETARDOS.INC
                  RET_1ms   0x000198    program     static C:\Users\Diego\Documents\Microcontroladores\PIC\ASSEMBLER\PIC18F26K22\13_ADC_DISPLAY\ADC_DISPLAY.X\RETARDOS.INC
                   RET_1s   0x0001ce    program     static C:\Users\Diego\Documents\Microcontroladores\PIC\ASSEMBLER\PIC18F26K22\13_ADC_DISPLAY\ADC_DISPLAY.X\RETARDOS.INC
                RET_500ms   0x0001a8    program     static C:\Users\Diego\Documents\Microcontroladores\PIC\ASSEMBLER\PIC18F26K22\13_ADC_DISPLAY\ADC_DISPLAY.X\RETARDOS.INC
                  RET_5ms   0x000190    program     static C:\Users\Diego\Documents\Microcontroladores\PIC\ASSEMBLER\PIC18F26K22\13_ADC_DISPLAY\ADC_DISPLAY.X\RETARDOS.INC
              RET_BOTONES   0x0000e8    program     static C:\Users\Diego\Documents\Microcontroladores\PIC\ASSEMBLER\PIC18F26K22\13_ADC_DISPLAY\ADC_DISPLAY.X\RETARDOS.INC
               RET_X100ms   0x000122    program     static C:\Users\Diego\Documents\Microcontroladores\PIC\ASSEMBLER\PIC18F26K22\13_ADC_DISPLAY\ADC_DISPLAY.X\RETARDOS.INC
                RET_X10ms   0x000136    program     static C:\Users\Diego\Documents\Microcontroladores\PIC\ASSEMBLER\PIC18F26K22\13_ADC_DISPLAY\ADC_DISPLAY.X\RETARDOS.INC
                  RET_X1s   0x00010e    program     static C:\Users\Diego\Documents\Microcontroladores\PIC\ASSEMBLER\PIC18F26K22\13_ADC_DISPLAY\ADC_DISPLAY.X\RETARDOS.INC
                  RET_Xms   0x00014a    program     static C:\Users\Diego\Documents\Microcontroladores\PIC\ASSEMBLER\PIC18F26K22\13_ADC_DISPLAY\ADC_DISPLAY.X\RETARDOS.INC
            SUMA_CENTENAS   0x0000b8    program     static C:\Users\Diego\Documents\Microcontroladores\PIC\ASSEMBLER\PIC18F26K22\13_ADC_DISPLAY\ADC_DISPLAY.X\ADC_DISPLAY.asm
             SUMA_DECENAS   0x0000ce    program     static C:\Users\Diego\Documents\Microcontroladores\PIC\ASSEMBLER\PIC18F26K22\13_ADC_DISPLAY\ADC_DISPLAY.X\ADC_DISPLAY.asm
            SUMA_UNIDADES   0x0000d6    program     static C:\Users\Diego\Documents\Microcontroladores\PIC\ASSEMBLER\PIC18F26K22\13_ADC_DISPLAY\ADC_DISPLAY.X\ADC_DISPLAY.asm
               S_CENTENAS   0x0000aa    program     static C:\Users\Diego\Documents\Microcontroladores\PIC\ASSEMBLER\PIC18F26K22\13_ADC_DISPLAY\ADC_DISPLAY.X\ADC_DISPLAY.asm
                S_DECENAS   0x0000c0    program     static C:\Users\Diego\Documents\Microcontroladores\PIC\ASSEMBLER\PIC18F26K22\13_ADC_DISPLAY\ADC_DISPLAY.X\ADC_DISPLAY.asm



                              Symbols - Sorted by Address
                     Name    Address   Location    Storage File                     
                ---------  ---------  ---------  --------- ---------                
           BAJA_PRIORIDAD   0x00001c    program     static C:\Users\Diego\Documents\Microcontroladores\PIC\ASSEMBLER\PIC18F26K22\13_ADC_DISPLAY\ADC_DISPLAY.X\ADC_DISPLAY.asm
                FIN_INTER   0x000026    program     static C:\Users\Diego\Documents\Microcontroladores\PIC\ASSEMBLER\PIC18F26K22\13_ADC_DISPLAY\ADC_DISPLAY.X\ADC_DISPLAY.asm
           ALTA_PRIORIDAD   0x000032    program     static C:\Users\Diego\Documents\Microcontroladores\PIC\ASSEMBLER\PIC18F26K22\13_ADC_DISPLAY\ADC_DISPLAY.X\ADC_DISPLAY.asm
                   INICIO   0x000036    program     static C:\Users\Diego\Documents\Microcontroladores\PIC\ASSEMBLER\PIC18F26K22\13_ADC_DISPLAY\ADC_DISPLAY.X\ADC_DISPLAY.asm
                     LOOP   0x000068    program     static C:\Users\Diego\Documents\Microcontroladores\PIC\ASSEMBLER\PIC18F26K22\13_ADC_DISPLAY\ADC_DISPLAY.X\ADC_DISPLAY.asm
               ADC_CONFIG   0x00008a    program     static C:\Users\Diego\Documents\Microcontroladores\PIC\ASSEMBLER\PIC18F26K22\13_ADC_DISPLAY\ADC_DISPLAY.X\ADC_DISPLAY.asm
           ADC_CONVERSION   0x000092    program     static C:\Users\Diego\Documents\Microcontroladores\PIC\ASSEMBLER\PIC18F26K22\13_ADC_DISPLAY\ADC_DISPLAY.X\ADC_DISPLAY.asm
           CONVERSION_BCD   0x0000a2    program     static C:\Users\Diego\Documents\Microcontroladores\PIC\ASSEMBLER\PIC18F26K22\13_ADC_DISPLAY\ADC_DISPLAY.X\ADC_DISPLAY.asm
               S_CENTENAS   0x0000aa    program     static C:\Users\Diego\Documents\Microcontroladores\PIC\ASSEMBLER\PIC18F26K22\13_ADC_DISPLAY\ADC_DISPLAY.X\ADC_DISPLAY.asm
            SUMA_CENTENAS   0x0000b8    program     static C:\Users\Diego\Documents\Microcontroladores\PIC\ASSEMBLER\PIC18F26K22\13_ADC_DISPLAY\ADC_DISPLAY.X\ADC_DISPLAY.asm
                S_DECENAS   0x0000c0    program     static C:\Users\Diego\Documents\Microcontroladores\PIC\ASSEMBLER\PIC18F26K22\13_ADC_DISPLAY\ADC_DISPLAY.X\ADC_DISPLAY.asm
             SUMA_DECENAS   0x0000ce    program     static C:\Users\Diego\Documents\Microcontroladores\PIC\ASSEMBLER\PIC18F26K22\13_ADC_DISPLAY\ADC_DISPLAY.X\ADC_DISPLAY.asm
            SUMA_UNIDADES   0x0000d6    program     static C:\Users\Diego\Documents\Microcontroladores\PIC\ASSEMBLER\PIC18F26K22\13_ADC_DISPLAY\ADC_DISPLAY.X\ADC_DISPLAY.asm
           CONFIG_RETARDO   0x0000dc    program     static C:\Users\Diego\Documents\Microcontroladores\PIC\ASSEMBLER\PIC18F26K22\13_ADC_DISPLAY\ADC_DISPLAY.X\RETARDOS.INC
              RET_BOTONES   0x0000e8    program     static C:\Users\Diego\Documents\Microcontroladores\PIC\ASSEMBLER\PIC18F26K22\13_ADC_DISPLAY\ADC_DISPLAY.X\RETARDOS.INC
                  RET_X1s   0x00010e    program     static C:\Users\Diego\Documents\Microcontroladores\PIC\ASSEMBLER\PIC18F26K22\13_ADC_DISPLAY\ADC_DISPLAY.X\RETARDOS.INC
               RET_X100ms   0x000122    program     static C:\Users\Diego\Documents\Microcontroladores\PIC\ASSEMBLER\PIC18F26K22\13_ADC_DISPLAY\ADC_DISPLAY.X\RETARDOS.INC
                RET_X10ms   0x000136    program     static C:\Users\Diego\Documents\Microcontroladores\PIC\ASSEMBLER\PIC18F26K22\13_ADC_DISPLAY\ADC_DISPLAY.X\RETARDOS.INC
                  RET_Xms   0x00014a    program     static C:\Users\Diego\Documents\Microcontroladores\PIC\ASSEMBLER\PIC18F26K22\13_ADC_DISPLAY\ADC_DISPLAY.X\RETARDOS.INC
                RET_100us   0x00015e    program     static C:\Users\Diego\Documents\Microcontroladores\PIC\ASSEMBLER\PIC18F26K22\13_ADC_DISPLAY\ADC_DISPLAY.X\RETARDOS.INC
                 RETARDOS   0x00016e    program     static C:\Users\Diego\Documents\Microcontroladores\PIC\ASSEMBLER\PIC18F26K22\13_ADC_DISPLAY\ADC_DISPLAY.X\RETARDOS.INC
            CICLO_RETARDO   0x000178    program     static C:\Users\Diego\Documents\Microcontroladores\PIC\ASSEMBLER\PIC18F26K22\13_ADC_DISPLAY\ADC_DISPLAY.X\RETARDOS.INC
                 RET_10ms   0x000188    program     static C:\Users\Diego\Documents\Microcontroladores\PIC\ASSEMBLER\PIC18F26K22\13_ADC_DISPLAY\ADC_DISPLAY.X\RETARDOS.INC
                  RET_5ms   0x000190    program     static C:\Users\Diego\Documents\Microcontroladores\PIC\ASSEMBLER\PIC18F26K22\13_ADC_DISPLAY\ADC_DISPLAY.X\RETARDOS.INC
                  RET_1ms   0x000198    program     static C:\Users\Diego\Documents\Microcontroladores\PIC\ASSEMBLER\PIC18F26K22\13_ADC_DISPLAY\ADC_DISPLAY.X\RETARDOS.INC
                RET_100ms   0x0001a0    program     static C:\Users\Diego\Documents\Microcontroladores\PIC\ASSEMBLER\PIC18F26K22\13_ADC_DISPLAY\ADC_DISPLAY.X\RETARDOS.INC
                RET_500ms   0x0001a8    program     static C:\Users\Diego\Documents\Microcontroladores\PIC\ASSEMBLER\PIC18F26K22\13_ADC_DISPLAY\ADC_DISPLAY.X\RETARDOS.INC
                   RET_1s   0x0001ce    program     static C:\Users\Diego\Documents\Microcontroladores\PIC\ASSEMBLER\PIC18F26K22\13_ADC_DISPLAY\ADC_DISPLAY.X\RETARDOS.INC


