MPLINK 5.09, LINKER
Linker Map File - Created Mon Mar 22 22:19:12 2021

                                 Section Info
                  Section       Type    Address   Location Size(Bytes)
                ---------  ---------  ---------  ---------  ---------
                   .org_0       code   0x000000    program   0x000004
                   .cinit    romdata   0x000004    program   0x000002
                   .org_1       code   0x000008    program   0x000004
                   .org_2       code   0x000018    program   0x0001f8
.config_300001_BUILD/DEFAULT/PRODUCTION/TECLADO    romdata   0x300001    program   0x000001
.config_300002_BUILD/DEFAULT/PRODUCTION/TECLADO    romdata   0x300002    program   0x000001
.config_300003_BUILD/DEFAULT/PRODUCTION/TECLADO    romdata   0x300003    program   0x000001
.config_300005_BUILD/DEFAULT/PRODUCTION/TECLADO    romdata   0x300005    program   0x000001
.config_300006_BUILD/DEFAULT/PRODUCTION/TECLADO    romdata   0x300006    program   0x000001
.config_300008_BUILD/DEFAULT/PRODUCTION/TECLADO    romdata   0x300008    program   0x000001
.config_300009_BUILD/DEFAULT/PRODUCTION/TECLADO    romdata   0x300009    program   0x000001
.config_30000A_BUILD/DEFAULT/PRODUCTION/TECLADO    romdata   0x30000a    program   0x000001
.config_30000B_BUILD/DEFAULT/PRODUCTION/TECLADO    romdata   0x30000b    program   0x000001
.config_30000C_BUILD/DEFAULT/PRODUCTION/TECLADO    romdata   0x30000c    program   0x000001
.config_30000D_BUILD/DEFAULT/PRODUCTION/TECLADO    romdata   0x30000d    program   0x000001



                              Program Memory Usage 
                               Start         End      
                           ---------   ---------      
                            0x000000    0x000005      
                            0x000008    0x00000b      
                            0x000018    0x00020f      
                            0x300001    0x300003      
                            0x300005    0x300006      
                            0x300008    0x30000d      
            525 out of 66584 program addresses used, program memory utilization is 0%



                              Symbols - Sorted by Name
                     Name    Address   Location    Storage File                     
                ---------  ---------  ---------  --------- ---------                
           ALTA_PRIORIDAD   0x000032    program     static C:\Users\Diego\Documents\Microcontroladores\PIC\ASSEMBLER\PIC18F26K22\4_TECLADO_MATRICIAL\TECLADO_MATRICIAL.X\TECLADO_MATRICIAL.asm
           BAJA_PRIORIDAD   0x00001c    program     static C:\Users\Diego\Documents\Microcontroladores\PIC\ASSEMBLER\PIC18F26K22\4_TECLADO_MATRICIAL\TECLADO_MATRICIAL.X\TECLADO_MATRICIAL.asm
            CICLO_RETARDO   0x0001b2    program     static C:\Users\Diego\Documents\Microcontroladores\PIC\ASSEMBLER\PIC18F26K22\4_TECLADO_MATRICIAL\TECLADO_MATRICIAL.X\RETARDOS.INC
           CONFIG_RETARDO   0x000116    program     static C:\Users\Diego\Documents\Microcontroladores\PIC\ASSEMBLER\PIC18F26K22\4_TECLADO_MATRICIAL\TECLADO_MATRICIAL.X\RETARDOS.INC
                FIN_INTER   0x000026    program     static C:\Users\Diego\Documents\Microcontroladores\PIC\ASSEMBLER\PIC18F26K22\4_TECLADO_MATRICIAL\TECLADO_MATRICIAL.X\TECLADO_MATRICIAL.asm
                   INICIO   0x000036    program     static C:\Users\Diego\Documents\Microcontroladores\PIC\ASSEMBLER\PIC18F26K22\4_TECLADO_MATRICIAL\TECLADO_MATRICIAL.X\TECLADO_MATRICIAL.asm
             MUESTRA_CERO   0x0000ca    program     static C:\Users\Diego\Documents\Microcontroladores\PIC\ASSEMBLER\PIC18F26K22\4_TECLADO_MATRICIAL\TECLADO_MATRICIAL.X\TECLADO_MATRICIAL.asm
            MUESTRA_CINCO   0x0000e8    program     static C:\Users\Diego\Documents\Microcontroladores\PIC\ASSEMBLER\PIC18F26K22\4_TECLADO_MATRICIAL\TECLADO_MATRICIAL.X\TECLADO_MATRICIAL.asm
           MUESTRA_CUATRO   0x0000e2    program     static C:\Users\Diego\Documents\Microcontroladores\PIC\ASSEMBLER\PIC18F26K22\4_TECLADO_MATRICIAL\TECLADO_MATRICIAL.X\TECLADO_MATRICIAL.asm
             MUESTRA_DIEZ   0x000106    program     static C:\Users\Diego\Documents\Microcontroladores\PIC\ASSEMBLER\PIC18F26K22\4_TECLADO_MATRICIAL\TECLADO_MATRICIAL.X\TECLADO_MATRICIAL.asm
              MUESTRA_DOS   0x0000d6    program     static C:\Users\Diego\Documents\Microcontroladores\PIC\ASSEMBLER\PIC18F26K22\4_TECLADO_MATRICIAL\TECLADO_MATRICIAL.X\TECLADO_MATRICIAL.asm
            MUESTRA_NUEVE   0x000100    program     static C:\Users\Diego\Documents\Microcontroladores\PIC\ASSEMBLER\PIC18F26K22\4_TECLADO_MATRICIAL\TECLADO_MATRICIAL.X\TECLADO_MATRICIAL.asm
             MUESTRA_OCHO   0x0000fa    program     static C:\Users\Diego\Documents\Microcontroladores\PIC\ASSEMBLER\PIC18F26K22\4_TECLADO_MATRICIAL\TECLADO_MATRICIAL.X\TECLADO_MATRICIAL.asm
             MUESTRA_ONCE   0x00010c    program     static C:\Users\Diego\Documents\Microcontroladores\PIC\ASSEMBLER\PIC18F26K22\4_TECLADO_MATRICIAL\TECLADO_MATRICIAL.X\TECLADO_MATRICIAL.asm
             MUESTRA_SEIS   0x0000ee    program     static C:\Users\Diego\Documents\Microcontroladores\PIC\ASSEMBLER\PIC18F26K22\4_TECLADO_MATRICIAL\TECLADO_MATRICIAL.X\TECLADO_MATRICIAL.asm
            MUESTRA_SIETE   0x0000f4    program     static C:\Users\Diego\Documents\Microcontroladores\PIC\ASSEMBLER\PIC18F26K22\4_TECLADO_MATRICIAL\TECLADO_MATRICIAL.X\TECLADO_MATRICIAL.asm
             MUESTRA_TRES   0x0000dc    program     static C:\Users\Diego\Documents\Microcontroladores\PIC\ASSEMBLER\PIC18F26K22\4_TECLADO_MATRICIAL\TECLADO_MATRICIAL.X\TECLADO_MATRICIAL.asm
              MUESTRA_UNO   0x0000d0    program     static C:\Users\Diego\Documents\Microcontroladores\PIC\ASSEMBLER\PIC18F26K22\4_TECLADO_MATRICIAL\TECLADO_MATRICIAL.X\TECLADO_MATRICIAL.asm
                PRINCIPAL   0x000060    program     static C:\Users\Diego\Documents\Microcontroladores\PIC\ASSEMBLER\PIC18F26K22\4_TECLADO_MATRICIAL\TECLADO_MATRICIAL.X\TECLADO_MATRICIAL.asm
                 RETARDOS   0x0001a8    program     static C:\Users\Diego\Documents\Microcontroladores\PIC\ASSEMBLER\PIC18F26K22\4_TECLADO_MATRICIAL\TECLADO_MATRICIAL.X\RETARDOS.INC
                RET_100ms   0x0001da    program     static C:\Users\Diego\Documents\Microcontroladores\PIC\ASSEMBLER\PIC18F26K22\4_TECLADO_MATRICIAL\TECLADO_MATRICIAL.X\RETARDOS.INC
                RET_100us   0x000198    program     static C:\Users\Diego\Documents\Microcontroladores\PIC\ASSEMBLER\PIC18F26K22\4_TECLADO_MATRICIAL\TECLADO_MATRICIAL.X\RETARDOS.INC
                 RET_10ms   0x0001c2    program     static C:\Users\Diego\Documents\Microcontroladores\PIC\ASSEMBLER\PIC18F26K22\4_TECLADO_MATRICIAL\TECLADO_MATRICIAL.X\RETARDOS.INC
                  RET_1ms   0x0001d2    program     static C:\Users\Diego\Documents\Microcontroladores\PIC\ASSEMBLER\PIC18F26K22\4_TECLADO_MATRICIAL\TECLADO_MATRICIAL.X\RETARDOS.INC
                   RET_1s   0x000208    program     static C:\Users\Diego\Documents\Microcontroladores\PIC\ASSEMBLER\PIC18F26K22\4_TECLADO_MATRICIAL\TECLADO_MATRICIAL.X\RETARDOS.INC
                RET_500ms   0x0001e2    program     static C:\Users\Diego\Documents\Microcontroladores\PIC\ASSEMBLER\PIC18F26K22\4_TECLADO_MATRICIAL\TECLADO_MATRICIAL.X\RETARDOS.INC
                  RET_5ms   0x0001ca    program     static C:\Users\Diego\Documents\Microcontroladores\PIC\ASSEMBLER\PIC18F26K22\4_TECLADO_MATRICIAL\TECLADO_MATRICIAL.X\RETARDOS.INC
              RET_BOTONES   0x000122    program     static C:\Users\Diego\Documents\Microcontroladores\PIC\ASSEMBLER\PIC18F26K22\4_TECLADO_MATRICIAL\TECLADO_MATRICIAL.X\RETARDOS.INC
               RET_X100ms   0x00015c    program     static C:\Users\Diego\Documents\Microcontroladores\PIC\ASSEMBLER\PIC18F26K22\4_TECLADO_MATRICIAL\TECLADO_MATRICIAL.X\RETARDOS.INC
                RET_X10ms   0x000170    program     static C:\Users\Diego\Documents\Microcontroladores\PIC\ASSEMBLER\PIC18F26K22\4_TECLADO_MATRICIAL\TECLADO_MATRICIAL.X\RETARDOS.INC
                  RET_X1s   0x000148    program     static C:\Users\Diego\Documents\Microcontroladores\PIC\ASSEMBLER\PIC18F26K22\4_TECLADO_MATRICIAL\TECLADO_MATRICIAL.X\RETARDOS.INC
                  RET_Xms   0x000184    program     static C:\Users\Diego\Documents\Microcontroladores\PIC\ASSEMBLER\PIC18F26K22\4_TECLADO_MATRICIAL\TECLADO_MATRICIAL.X\RETARDOS.INC



                              Symbols - Sorted by Address
                     Name    Address   Location    Storage File                     
                ---------  ---------  ---------  --------- ---------                
           BAJA_PRIORIDAD   0x00001c    program     static C:\Users\Diego\Documents\Microcontroladores\PIC\ASSEMBLER\PIC18F26K22\4_TECLADO_MATRICIAL\TECLADO_MATRICIAL.X\TECLADO_MATRICIAL.asm
                FIN_INTER   0x000026    program     static C:\Users\Diego\Documents\Microcontroladores\PIC\ASSEMBLER\PIC18F26K22\4_TECLADO_MATRICIAL\TECLADO_MATRICIAL.X\TECLADO_MATRICIAL.asm
           ALTA_PRIORIDAD   0x000032    program     static C:\Users\Diego\Documents\Microcontroladores\PIC\ASSEMBLER\PIC18F26K22\4_TECLADO_MATRICIAL\TECLADO_MATRICIAL.X\TECLADO_MATRICIAL.asm
                   INICIO   0x000036    program     static C:\Users\Diego\Documents\Microcontroladores\PIC\ASSEMBLER\PIC18F26K22\4_TECLADO_MATRICIAL\TECLADO_MATRICIAL.X\TECLADO_MATRICIAL.asm
                PRINCIPAL   0x000060    program     static C:\Users\Diego\Documents\Microcontroladores\PIC\ASSEMBLER\PIC18F26K22\4_TECLADO_MATRICIAL\TECLADO_MATRICIAL.X\TECLADO_MATRICIAL.asm
             MUESTRA_CERO   0x0000ca    program     static C:\Users\Diego\Documents\Microcontroladores\PIC\ASSEMBLER\PIC18F26K22\4_TECLADO_MATRICIAL\TECLADO_MATRICIAL.X\TECLADO_MATRICIAL.asm
              MUESTRA_UNO   0x0000d0    program     static C:\Users\Diego\Documents\Microcontroladores\PIC\ASSEMBLER\PIC18F26K22\4_TECLADO_MATRICIAL\TECLADO_MATRICIAL.X\TECLADO_MATRICIAL.asm
              MUESTRA_DOS   0x0000d6    program     static C:\Users\Diego\Documents\Microcontroladores\PIC\ASSEMBLER\PIC18F26K22\4_TECLADO_MATRICIAL\TECLADO_MATRICIAL.X\TECLADO_MATRICIAL.asm
             MUESTRA_TRES   0x0000dc    program     static C:\Users\Diego\Documents\Microcontroladores\PIC\ASSEMBLER\PIC18F26K22\4_TECLADO_MATRICIAL\TECLADO_MATRICIAL.X\TECLADO_MATRICIAL.asm
           MUESTRA_CUATRO   0x0000e2    program     static C:\Users\Diego\Documents\Microcontroladores\PIC\ASSEMBLER\PIC18F26K22\4_TECLADO_MATRICIAL\TECLADO_MATRICIAL.X\TECLADO_MATRICIAL.asm
            MUESTRA_CINCO   0x0000e8    program     static C:\Users\Diego\Documents\Microcontroladores\PIC\ASSEMBLER\PIC18F26K22\4_TECLADO_MATRICIAL\TECLADO_MATRICIAL.X\TECLADO_MATRICIAL.asm
             MUESTRA_SEIS   0x0000ee    program     static C:\Users\Diego\Documents\Microcontroladores\PIC\ASSEMBLER\PIC18F26K22\4_TECLADO_MATRICIAL\TECLADO_MATRICIAL.X\TECLADO_MATRICIAL.asm
            MUESTRA_SIETE   0x0000f4    program     static C:\Users\Diego\Documents\Microcontroladores\PIC\ASSEMBLER\PIC18F26K22\4_TECLADO_MATRICIAL\TECLADO_MATRICIAL.X\TECLADO_MATRICIAL.asm
             MUESTRA_OCHO   0x0000fa    program     static C:\Users\Diego\Documents\Microcontroladores\PIC\ASSEMBLER\PIC18F26K22\4_TECLADO_MATRICIAL\TECLADO_MATRICIAL.X\TECLADO_MATRICIAL.asm
            MUESTRA_NUEVE   0x000100    program     static C:\Users\Diego\Documents\Microcontroladores\PIC\ASSEMBLER\PIC18F26K22\4_TECLADO_MATRICIAL\TECLADO_MATRICIAL.X\TECLADO_MATRICIAL.asm
             MUESTRA_DIEZ   0x000106    program     static C:\Users\Diego\Documents\Microcontroladores\PIC\ASSEMBLER\PIC18F26K22\4_TECLADO_MATRICIAL\TECLADO_MATRICIAL.X\TECLADO_MATRICIAL.asm
             MUESTRA_ONCE   0x00010c    program     static C:\Users\Diego\Documents\Microcontroladores\PIC\ASSEMBLER\PIC18F26K22\4_TECLADO_MATRICIAL\TECLADO_MATRICIAL.X\TECLADO_MATRICIAL.asm
           CONFIG_RETARDO   0x000116    program     static C:\Users\Diego\Documents\Microcontroladores\PIC\ASSEMBLER\PIC18F26K22\4_TECLADO_MATRICIAL\TECLADO_MATRICIAL.X\RETARDOS.INC
              RET_BOTONES   0x000122    program     static C:\Users\Diego\Documents\Microcontroladores\PIC\ASSEMBLER\PIC18F26K22\4_TECLADO_MATRICIAL\TECLADO_MATRICIAL.X\RETARDOS.INC
                  RET_X1s   0x000148    program     static C:\Users\Diego\Documents\Microcontroladores\PIC\ASSEMBLER\PIC18F26K22\4_TECLADO_MATRICIAL\TECLADO_MATRICIAL.X\RETARDOS.INC
               RET_X100ms   0x00015c    program     static C:\Users\Diego\Documents\Microcontroladores\PIC\ASSEMBLER\PIC18F26K22\4_TECLADO_MATRICIAL\TECLADO_MATRICIAL.X\RETARDOS.INC
                RET_X10ms   0x000170    program     static C:\Users\Diego\Documents\Microcontroladores\PIC\ASSEMBLER\PIC18F26K22\4_TECLADO_MATRICIAL\TECLADO_MATRICIAL.X\RETARDOS.INC
                  RET_Xms   0x000184    program     static C:\Users\Diego\Documents\Microcontroladores\PIC\ASSEMBLER\PIC18F26K22\4_TECLADO_MATRICIAL\TECLADO_MATRICIAL.X\RETARDOS.INC
                RET_100us   0x000198    program     static C:\Users\Diego\Documents\Microcontroladores\PIC\ASSEMBLER\PIC18F26K22\4_TECLADO_MATRICIAL\TECLADO_MATRICIAL.X\RETARDOS.INC
                 RETARDOS   0x0001a8    program     static C:\Users\Diego\Documents\Microcontroladores\PIC\ASSEMBLER\PIC18F26K22\4_TECLADO_MATRICIAL\TECLADO_MATRICIAL.X\RETARDOS.INC
            CICLO_RETARDO   0x0001b2    program     static C:\Users\Diego\Documents\Microcontroladores\PIC\ASSEMBLER\PIC18F26K22\4_TECLADO_MATRICIAL\TECLADO_MATRICIAL.X\RETARDOS.INC
                 RET_10ms   0x0001c2    program     static C:\Users\Diego\Documents\Microcontroladores\PIC\ASSEMBLER\PIC18F26K22\4_TECLADO_MATRICIAL\TECLADO_MATRICIAL.X\RETARDOS.INC
                  RET_5ms   0x0001ca    program     static C:\Users\Diego\Documents\Microcontroladores\PIC\ASSEMBLER\PIC18F26K22\4_TECLADO_MATRICIAL\TECLADO_MATRICIAL.X\RETARDOS.INC
                  RET_1ms   0x0001d2    program     static C:\Users\Diego\Documents\Microcontroladores\PIC\ASSEMBLER\PIC18F26K22\4_TECLADO_MATRICIAL\TECLADO_MATRICIAL.X\RETARDOS.INC
                RET_100ms   0x0001da    program     static C:\Users\Diego\Documents\Microcontroladores\PIC\ASSEMBLER\PIC18F26K22\4_TECLADO_MATRICIAL\TECLADO_MATRICIAL.X\RETARDOS.INC
                RET_500ms   0x0001e2    program     static C:\Users\Diego\Documents\Microcontroladores\PIC\ASSEMBLER\PIC18F26K22\4_TECLADO_MATRICIAL\TECLADO_MATRICIAL.X\RETARDOS.INC
                   RET_1s   0x000208    program     static C:\Users\Diego\Documents\Microcontroladores\PIC\ASSEMBLER\PIC18F26K22\4_TECLADO_MATRICIAL\TECLADO_MATRICIAL.X\RETARDOS.INC


