MPLINK 5.09, LINKER
Linker Map File - Created Tue Mar 01 01:16:38 2022

                                 Section Info
                  Section       Type    Address   Location Size(Bytes)
                ---------  ---------  ---------  ---------  ---------
                   .org_0       code   0x000000    program   0x000004
                   .cinit    romdata   0x000004    program   0x000002
                   .org_1       code   0x000008    program   0x000004
                   .org_2       code   0x000018    program   0x000288
.config_300001_BUILD/DEFAULT/PRODUCTION/MAIN.O    romdata   0x300001    program   0x000001
.config_300002_BUILD/DEFAULT/PRODUCTION/MAIN.O    romdata   0x300002    program   0x000001
.config_300003_BUILD/DEFAULT/PRODUCTION/MAIN.O    romdata   0x300003    program   0x000001
.config_300005_BUILD/DEFAULT/PRODUCTION/MAIN.O    romdata   0x300005    program   0x000001
.config_300006_BUILD/DEFAULT/PRODUCTION/MAIN.O    romdata   0x300006    program   0x000001
.config_300008_BUILD/DEFAULT/PRODUCTION/MAIN.O    romdata   0x300008    program   0x000001
.config_300009_BUILD/DEFAULT/PRODUCTION/MAIN.O    romdata   0x300009    program   0x000001
.config_30000A_BUILD/DEFAULT/PRODUCTION/MAIN.O    romdata   0x30000a    program   0x000001
.config_30000B_BUILD/DEFAULT/PRODUCTION/MAIN.O    romdata   0x30000b    program   0x000001
.config_30000C_BUILD/DEFAULT/PRODUCTION/MAIN.O    romdata   0x30000c    program   0x000001
.config_30000D_BUILD/DEFAULT/PRODUCTION/MAIN.O    romdata   0x30000d    program   0x000001



                              Program Memory Usage 
                               Start         End      
                           ---------   ---------      
                            0x000000    0x000005      
                            0x000008    0x00000b      
                            0x000018    0x00029f      
                            0x300001    0x300003      
                            0x300005    0x300006      
                            0x300008    0x30000d      
            669 out of 66584 program addresses used, program memory utilization is 1%



                              Symbols - Sorted by Name
                     Name    Address   Location    Storage File                     
                ---------  ---------  ---------  --------- ---------                
           ALTA_PRIORIDAD   0x000032    program     static D:\Archivos\Programacion\Microcontroladores\PIC\ASSEMBLER\MPASM\PIC18F26K22\18_LIBRERIAS\LIBRERIAS_SERVOS.X\main.asm
           BAJA_PRIORIDAD   0x00001c    program     static D:\Archivos\Programacion\Microcontroladores\PIC\ASSEMBLER\MPASM\PIC18F26K22\18_LIBRERIAS\LIBRERIAS_SERVOS.X\main.asm
            BUCLE_RETARDO   0x000294    program     static D:\Archivos\Programacion\Microcontroladores\PIC\ASSEMBLER\MPASM\PIC18F26K22\18_LIBRERIAS\LIBRERIAS_SERVOS.X\MY_RETARDOS.inc
       COMPLEMENTO_SERVO1   0x0000b0    program     static D:\Archivos\Programacion\Microcontroladores\PIC\ASSEMBLER\MPASM\PIC18F26K22\18_LIBRERIAS\LIBRERIAS_SERVOS.X\main.asm
       COMPLEMENTO_SERVO2   0x0000e4    program     static D:\Archivos\Programacion\Microcontroladores\PIC\ASSEMBLER\MPASM\PIC18F26K22\18_LIBRERIAS\LIBRERIAS_SERVOS.X\main.asm
                 DEC_POS1   0x000110    program     static D:\Archivos\Programacion\Microcontroladores\PIC\ASSEMBLER\MPASM\PIC18F26K22\18_LIBRERIAS\LIBRERIAS_SERVOS.X\main.asm
                 DEC_POS2   0x000138    program     static D:\Archivos\Programacion\Microcontroladores\PIC\ASSEMBLER\MPASM\PIC18F26K22\18_LIBRERIAS\LIBRERIAS_SERVOS.X\main.asm
           EJECUTA_SERVO1   0x00008c    program     static D:\Archivos\Programacion\Microcontroladores\PIC\ASSEMBLER\MPASM\PIC18F26K22\18_LIBRERIAS\LIBRERIAS_SERVOS.X\main.asm
           EJECUTA_SERVO2   0x0000c0    program     static D:\Archivos\Programacion\Microcontroladores\PIC\ASSEMBLER\MPASM\PIC18F26K22\18_LIBRERIAS\LIBRERIAS_SERVOS.X\main.asm
                FIN_INTER   0x000026    program     static D:\Archivos\Programacion\Microcontroladores\PIC\ASSEMBLER\MPASM\PIC18F26K22\18_LIBRERIAS\LIBRERIAS_SERVOS.X\main.asm
                 INC_POS1   0x0000fc    program     static D:\Archivos\Programacion\Microcontroladores\PIC\ASSEMBLER\MPASM\PIC18F26K22\18_LIBRERIAS\LIBRERIAS_SERVOS.X\main.asm
                 INC_POS2   0x000124    program     static D:\Archivos\Programacion\Microcontroladores\PIC\ASSEMBLER\MPASM\PIC18F26K22\18_LIBRERIAS\LIBRERIAS_SERVOS.X\main.asm
                   INICIO   0x000036    program     static D:\Archivos\Programacion\Microcontroladores\PIC\ASSEMBLER\MPASM\PIC18F26K22\18_LIBRERIAS\LIBRERIAS_SERVOS.X\main.asm
        MOVIMIENTO_SERVO1   0x000096    program     static D:\Archivos\Programacion\Microcontroladores\PIC\ASSEMBLER\MPASM\PIC18F26K22\18_LIBRERIAS\LIBRERIAS_SERVOS.X\main.asm
        MOVIMIENTO_SERVO2   0x0000ca    program     static D:\Archivos\Programacion\Microcontroladores\PIC\ASSEMBLER\MPASM\PIC18F26K22\18_LIBRERIAS\LIBRERIAS_SERVOS.X\main.asm
                PRINCIPAL   0x00006a    program     static D:\Archivos\Programacion\Microcontroladores\PIC\ASSEMBLER\MPASM\PIC18F26K22\18_LIBRERIAS\LIBRERIAS_SERVOS.X\main.asm
                RET_100MS   0x0001e4    program     static D:\Archivos\Programacion\Microcontroladores\PIC\ASSEMBLER\MPASM\PIC18F26K22\18_LIBRERIAS\LIBRERIAS_SERVOS.X\MY_RETARDOS.inc
                 RET_10MS   0x00020c    program     static D:\Archivos\Programacion\Microcontroladores\PIC\ASSEMBLER\MPASM\PIC18F26K22\18_LIBRERIAS\LIBRERIAS_SERVOS.X\MY_RETARDOS.inc
                 RET_16MS   0x000244    program     static D:\Archivos\Programacion\Microcontroladores\PIC\ASSEMBLER\MPASM\PIC18F26K22\18_LIBRERIAS\LIBRERIAS_SERVOS.X\MY_RETARDOS.inc
                 RET_18MS   0x000280    program     static D:\Archivos\Programacion\Microcontroladores\PIC\ASSEMBLER\MPASM\PIC18F26K22\18_LIBRERIAS\LIBRERIAS_SERVOS.X\MY_RETARDOS.inc
                  RET_1MS   0x000220    program     static D:\Archivos\Programacion\Microcontroladores\PIC\ASSEMBLER\MPASM\PIC18F26K22\18_LIBRERIAS\LIBRERIAS_SERVOS.X\MY_RETARDOS.inc
                   RET_1S   0x0001bc    program     static D:\Archivos\Programacion\Microcontroladores\PIC\ASSEMBLER\MPASM\PIC18F26K22\18_LIBRERIAS\LIBRERIAS_SERVOS.X\MY_RETARDOS.inc
                RET_250US   0x00026c    program     static D:\Archivos\Programacion\Microcontroladores\PIC\ASSEMBLER\MPASM\PIC18F26K22\18_LIBRERIAS\LIBRERIAS_SERVOS.X\MY_RETARDOS.inc
                RET_500MS   0x0001d0    program     static D:\Archivos\Programacion\Microcontroladores\PIC\ASSEMBLER\MPASM\PIC18F26K22\18_LIBRERIAS\LIBRERIAS_SERVOS.X\MY_RETARDOS.inc
                RET_500US   0x000258    program     static D:\Archivos\Programacion\Microcontroladores\PIC\ASSEMBLER\MPASM\PIC18F26K22\18_LIBRERIAS\LIBRERIAS_SERVOS.X\MY_RETARDOS.inc
                 RET_50MS   0x0001f8    program     static D:\Archivos\Programacion\Microcontroladores\PIC\ASSEMBLER\MPASM\PIC18F26K22\18_LIBRERIAS\LIBRERIAS_SERVOS.X\MY_RETARDOS.inc
                  RET_5MS   0x000230    program     static D:\Archivos\Programacion\Microcontroladores\PIC\ASSEMBLER\MPASM\PIC18F26K22\18_LIBRERIAS\LIBRERIAS_SERVOS.X\MY_RETARDOS.inc
                  RET_NOP   0x00014c    program     static D:\Archivos\Programacion\Microcontroladores\PIC\ASSEMBLER\MPASM\PIC18F26K22\18_LIBRERIAS\LIBRERIAS_SERVOS.X\main.asm
                RET_SERVO   0x0001a8    program     static D:\Archivos\Programacion\Microcontroladores\PIC\ASSEMBLER\MPASM\PIC18F26K22\18_LIBRERIAS\LIBRERIAS_SERVOS.X\MY_RETARDOS.inc
                  SERVO_0   0x00014e    program     static D:\Archivos\Programacion\Microcontroladores\PIC\ASSEMBLER\MPASM\PIC18F26K22\18_LIBRERIAS\LIBRERIAS_SERVOS.X\main.asm
                SERVO_135   0x000184    program     static D:\Archivos\Programacion\Microcontroladores\PIC\ASSEMBLER\MPASM\PIC18F26K22\18_LIBRERIAS\LIBRERIAS_SERVOS.X\main.asm
                SERVO_180   0x00019a    program     static D:\Archivos\Programacion\Microcontroladores\PIC\ASSEMBLER\MPASM\PIC18F26K22\18_LIBRERIAS\LIBRERIAS_SERVOS.X\main.asm
                 SERVO_45   0x00015c    program     static D:\Archivos\Programacion\Microcontroladores\PIC\ASSEMBLER\MPASM\PIC18F26K22\18_LIBRERIAS\LIBRERIAS_SERVOS.X\main.asm
                 SERVO_90   0x000172    program     static D:\Archivos\Programacion\Microcontroladores\PIC\ASSEMBLER\MPASM\PIC18F26K22\18_LIBRERIAS\LIBRERIAS_SERVOS.X\main.asm



                              Symbols - Sorted by Address
                     Name    Address   Location    Storage File                     
                ---------  ---------  ---------  --------- ---------                
           BAJA_PRIORIDAD   0x00001c    program     static D:\Archivos\Programacion\Microcontroladores\PIC\ASSEMBLER\MPASM\PIC18F26K22\18_LIBRERIAS\LIBRERIAS_SERVOS.X\main.asm
                FIN_INTER   0x000026    program     static D:\Archivos\Programacion\Microcontroladores\PIC\ASSEMBLER\MPASM\PIC18F26K22\18_LIBRERIAS\LIBRERIAS_SERVOS.X\main.asm
           ALTA_PRIORIDAD   0x000032    program     static D:\Archivos\Programacion\Microcontroladores\PIC\ASSEMBLER\MPASM\PIC18F26K22\18_LIBRERIAS\LIBRERIAS_SERVOS.X\main.asm
                   INICIO   0x000036    program     static D:\Archivos\Programacion\Microcontroladores\PIC\ASSEMBLER\MPASM\PIC18F26K22\18_LIBRERIAS\LIBRERIAS_SERVOS.X\main.asm
                PRINCIPAL   0x00006a    program     static D:\Archivos\Programacion\Microcontroladores\PIC\ASSEMBLER\MPASM\PIC18F26K22\18_LIBRERIAS\LIBRERIAS_SERVOS.X\main.asm
           EJECUTA_SERVO1   0x00008c    program     static D:\Archivos\Programacion\Microcontroladores\PIC\ASSEMBLER\MPASM\PIC18F26K22\18_LIBRERIAS\LIBRERIAS_SERVOS.X\main.asm
        MOVIMIENTO_SERVO1   0x000096    program     static D:\Archivos\Programacion\Microcontroladores\PIC\ASSEMBLER\MPASM\PIC18F26K22\18_LIBRERIAS\LIBRERIAS_SERVOS.X\main.asm
       COMPLEMENTO_SERVO1   0x0000b0    program     static D:\Archivos\Programacion\Microcontroladores\PIC\ASSEMBLER\MPASM\PIC18F26K22\18_LIBRERIAS\LIBRERIAS_SERVOS.X\main.asm
           EJECUTA_SERVO2   0x0000c0    program     static D:\Archivos\Programacion\Microcontroladores\PIC\ASSEMBLER\MPASM\PIC18F26K22\18_LIBRERIAS\LIBRERIAS_SERVOS.X\main.asm
        MOVIMIENTO_SERVO2   0x0000ca    program     static D:\Archivos\Programacion\Microcontroladores\PIC\ASSEMBLER\MPASM\PIC18F26K22\18_LIBRERIAS\LIBRERIAS_SERVOS.X\main.asm
       COMPLEMENTO_SERVO2   0x0000e4    program     static D:\Archivos\Programacion\Microcontroladores\PIC\ASSEMBLER\MPASM\PIC18F26K22\18_LIBRERIAS\LIBRERIAS_SERVOS.X\main.asm
                 INC_POS1   0x0000fc    program     static D:\Archivos\Programacion\Microcontroladores\PIC\ASSEMBLER\MPASM\PIC18F26K22\18_LIBRERIAS\LIBRERIAS_SERVOS.X\main.asm
                 DEC_POS1   0x000110    program     static D:\Archivos\Programacion\Microcontroladores\PIC\ASSEMBLER\MPASM\PIC18F26K22\18_LIBRERIAS\LIBRERIAS_SERVOS.X\main.asm
                 INC_POS2   0x000124    program     static D:\Archivos\Programacion\Microcontroladores\PIC\ASSEMBLER\MPASM\PIC18F26K22\18_LIBRERIAS\LIBRERIAS_SERVOS.X\main.asm
                 DEC_POS2   0x000138    program     static D:\Archivos\Programacion\Microcontroladores\PIC\ASSEMBLER\MPASM\PIC18F26K22\18_LIBRERIAS\LIBRERIAS_SERVOS.X\main.asm
                  RET_NOP   0x00014c    program     static D:\Archivos\Programacion\Microcontroladores\PIC\ASSEMBLER\MPASM\PIC18F26K22\18_LIBRERIAS\LIBRERIAS_SERVOS.X\main.asm
                  SERVO_0   0x00014e    program     static D:\Archivos\Programacion\Microcontroladores\PIC\ASSEMBLER\MPASM\PIC18F26K22\18_LIBRERIAS\LIBRERIAS_SERVOS.X\main.asm
                 SERVO_45   0x00015c    program     static D:\Archivos\Programacion\Microcontroladores\PIC\ASSEMBLER\MPASM\PIC18F26K22\18_LIBRERIAS\LIBRERIAS_SERVOS.X\main.asm
                 SERVO_90   0x000172    program     static D:\Archivos\Programacion\Microcontroladores\PIC\ASSEMBLER\MPASM\PIC18F26K22\18_LIBRERIAS\LIBRERIAS_SERVOS.X\main.asm
                SERVO_135   0x000184    program     static D:\Archivos\Programacion\Microcontroladores\PIC\ASSEMBLER\MPASM\PIC18F26K22\18_LIBRERIAS\LIBRERIAS_SERVOS.X\main.asm
                SERVO_180   0x00019a    program     static D:\Archivos\Programacion\Microcontroladores\PIC\ASSEMBLER\MPASM\PIC18F26K22\18_LIBRERIAS\LIBRERIAS_SERVOS.X\main.asm
                RET_SERVO   0x0001a8    program     static D:\Archivos\Programacion\Microcontroladores\PIC\ASSEMBLER\MPASM\PIC18F26K22\18_LIBRERIAS\LIBRERIAS_SERVOS.X\MY_RETARDOS.inc
                   RET_1S   0x0001bc    program     static D:\Archivos\Programacion\Microcontroladores\PIC\ASSEMBLER\MPASM\PIC18F26K22\18_LIBRERIAS\LIBRERIAS_SERVOS.X\MY_RETARDOS.inc
                RET_500MS   0x0001d0    program     static D:\Archivos\Programacion\Microcontroladores\PIC\ASSEMBLER\MPASM\PIC18F26K22\18_LIBRERIAS\LIBRERIAS_SERVOS.X\MY_RETARDOS.inc
                RET_100MS   0x0001e4    program     static D:\Archivos\Programacion\Microcontroladores\PIC\ASSEMBLER\MPASM\PIC18F26K22\18_LIBRERIAS\LIBRERIAS_SERVOS.X\MY_RETARDOS.inc
                 RET_50MS   0x0001f8    program     static D:\Archivos\Programacion\Microcontroladores\PIC\ASSEMBLER\MPASM\PIC18F26K22\18_LIBRERIAS\LIBRERIAS_SERVOS.X\MY_RETARDOS.inc
                 RET_10MS   0x00020c    program     static D:\Archivos\Programacion\Microcontroladores\PIC\ASSEMBLER\MPASM\PIC18F26K22\18_LIBRERIAS\LIBRERIAS_SERVOS.X\MY_RETARDOS.inc
                  RET_1MS   0x000220    program     static D:\Archivos\Programacion\Microcontroladores\PIC\ASSEMBLER\MPASM\PIC18F26K22\18_LIBRERIAS\LIBRERIAS_SERVOS.X\MY_RETARDOS.inc
                  RET_5MS   0x000230    program     static D:\Archivos\Programacion\Microcontroladores\PIC\ASSEMBLER\MPASM\PIC18F26K22\18_LIBRERIAS\LIBRERIAS_SERVOS.X\MY_RETARDOS.inc
                 RET_16MS   0x000244    program     static D:\Archivos\Programacion\Microcontroladores\PIC\ASSEMBLER\MPASM\PIC18F26K22\18_LIBRERIAS\LIBRERIAS_SERVOS.X\MY_RETARDOS.inc
                RET_500US   0x000258    program     static D:\Archivos\Programacion\Microcontroladores\PIC\ASSEMBLER\MPASM\PIC18F26K22\18_LIBRERIAS\LIBRERIAS_SERVOS.X\MY_RETARDOS.inc
                RET_250US   0x00026c    program     static D:\Archivos\Programacion\Microcontroladores\PIC\ASSEMBLER\MPASM\PIC18F26K22\18_LIBRERIAS\LIBRERIAS_SERVOS.X\MY_RETARDOS.inc
                 RET_18MS   0x000280    program     static D:\Archivos\Programacion\Microcontroladores\PIC\ASSEMBLER\MPASM\PIC18F26K22\18_LIBRERIAS\LIBRERIAS_SERVOS.X\MY_RETARDOS.inc
            BUCLE_RETARDO   0x000294    program     static D:\Archivos\Programacion\Microcontroladores\PIC\ASSEMBLER\MPASM\PIC18F26K22\18_LIBRERIAS\LIBRERIAS_SERVOS.X\MY_RETARDOS.inc


